Archive member included to satisfy reference by file (symbol)

../Middlewares/ST/AI/Lib\NetworkRuntime720_CM7_GCC.a(ai_platform.o)
                              ./X-CUBE-AI/App/sine_model.o (ai_buffer_array_item_set_address)
../Middlewares/ST/AI/Lib\NetworkRuntime720_CM7_GCC.a(ai_platform_interface.o)
                              ./X-CUBE-AI/App/sine_model.o (ai_platform_get_weights_map)
../Middlewares/ST/AI/Lib\NetworkRuntime720_CM7_GCC.a(core_mem_manager.o)
                              ../Middlewares/ST/AI/Lib\NetworkRuntime720_CM7_GCC.a(ai_platform_interface.o) (core_mem_alloc)
../Middlewares/ST/AI/Lib\NetworkRuntime720_CM7_GCC.a(core_common.o)
                              ../Middlewares/ST/AI/Lib\NetworkRuntime720_CM7_GCC.a(ai_platform_interface.o) (core_init)
../Middlewares/ST/AI/Lib\NetworkRuntime720_CM7_GCC.a(layers_conv2d_generic_float.o)
                              ./X-CUBE-AI/App/sine_model.o (forward_dense)
../Middlewares/ST/AI/Lib\NetworkRuntime720_CM7_GCC.a(layers_nl_generic_float.o)
                              ./X-CUBE-AI/App/sine_model.o (forward_relu)
../Middlewares/ST/AI/Lib\NetworkRuntime720_CM7_GCC.a(layers.o)
                              ../Middlewares/ST/AI/Lib\NetworkRuntime720_CM7_GCC.a(ai_platform_interface.o) (ai_check_custom_types)
../Middlewares/ST/AI/Lib\NetworkRuntime720_CM7_GCC.a(arm_mat_init_f32.o)
                              ../Middlewares/ST/AI/Lib\NetworkRuntime720_CM7_GCC.a(layers_conv2d_generic_float.o) (st_dsp_arm_mat_init_f32)
../Middlewares/ST/AI/Lib\NetworkRuntime720_CM7_GCC.a(ai_datatypes_internal.o)
                              ../Middlewares/ST/AI/Lib\NetworkRuntime720_CM7_GCC.a(ai_platform_interface.o) (ai_version_get)
../Middlewares/ST/AI/Lib\NetworkRuntime720_CM7_GCC.a(ai_datatypes_format.o)
                              ../Middlewares/ST/AI/Lib\NetworkRuntime720_CM7_GCC.a(ai_platform_interface.o) (ai_array_to_buffer_fmt)
../Middlewares/ST/AI/Lib\NetworkRuntime720_CM7_GCC.a(ai_math_helpers.o)
                              ../Middlewares/ST/AI/Lib\NetworkRuntime720_CM7_GCC.a(layers_nl_generic_float.o) (ai_math_sqrt)
../Middlewares/ST/AI/Lib\NetworkRuntime720_CM7_GCC.a(st_convolve_reference.o)
                              ../Middlewares/ST/AI/Lib\NetworkRuntime720_CM7_GCC.a(ai_math_helpers.o) (align_factor)
c:/st/stm32cubeide_1.10.1/stm32cubeide/plugins/com.st.stm32cube.ide.mcu.externaltools.gnu-tools-for-stm32.10.3-2021.10.win32_1.0.0.202111181127/tools/bin/../lib/gcc/arm-none-eabi/10.3.1/../../../../arm-none-eabi/lib/thumb/v7e-m+dp/hard\libc_nano.a(lib_a-errno.o)
                              ./Core/Src/sysmem.o (__errno)
c:/st/stm32cubeide_1.10.1/stm32cubeide/plugins/com.st.stm32cube.ide.mcu.externaltools.gnu-tools-for-stm32.10.3-2021.10.win32_1.0.0.202111181127/tools/bin/../lib/gcc/arm-none-eabi/10.3.1/../../../../arm-none-eabi/lib/thumb/v7e-m+dp/hard\libc_nano.a(lib_a-exit.o)
                              c:/st/stm32cubeide_1.10.1/stm32cubeide/plugins/com.st.stm32cube.ide.mcu.externaltools.gnu-tools-for-stm32.10.3-2021.10.win32_1.0.0.202111181127/tools/bin/../lib/gcc/arm-none-eabi/10.3.1/../../../../arm-none-eabi/lib/thumb/v7e-m+dp/hard/crt0.o (exit)
c:/st/stm32cubeide_1.10.1/stm32cubeide/plugins/com.st.stm32cube.ide.mcu.externaltools.gnu-tools-for-stm32.10.3-2021.10.win32_1.0.0.202111181127/tools/bin/../lib/gcc/arm-none-eabi/10.3.1/../../../../arm-none-eabi/lib/thumb/v7e-m+dp/hard\libc_nano.a(lib_a-impure.o)
                              c:/st/stm32cubeide_1.10.1/stm32cubeide/plugins/com.st.stm32cube.ide.mcu.externaltools.gnu-tools-for-stm32.10.3-2021.10.win32_1.0.0.202111181127/tools/bin/../lib/gcc/arm-none-eabi/10.3.1/../../../../arm-none-eabi/lib/thumb/v7e-m+dp/hard\libc_nano.a(lib_a-exit.o) (_global_impure_ptr)
c:/st/stm32cubeide_1.10.1/stm32cubeide/plugins/com.st.stm32cube.ide.mcu.externaltools.gnu-tools-for-stm32.10.3-2021.10.win32_1.0.0.202111181127/tools/bin/../lib/gcc/arm-none-eabi/10.3.1/../../../../arm-none-eabi/lib/thumb/v7e-m+dp/hard\libc_nano.a(lib_a-init.o)
                              c:/st/stm32cubeide_1.10.1/stm32cubeide/plugins/com.st.stm32cube.ide.mcu.externaltools.gnu-tools-for-stm32.10.3-2021.10.win32_1.0.0.202111181127/tools/bin/../lib/gcc/arm-none-eabi/10.3.1/../../../../arm-none-eabi/lib/thumb/v7e-m+dp/hard/crt0.o (__libc_init_array)
c:/st/stm32cubeide_1.10.1/stm32cubeide/plugins/com.st.stm32cube.ide.mcu.externaltools.gnu-tools-for-stm32.10.3-2021.10.win32_1.0.0.202111181127/tools/bin/../lib/gcc/arm-none-eabi/10.3.1/../../../../arm-none-eabi/lib/thumb/v7e-m+dp/hard\libc_nano.a(lib_a-malloc.o)
                              ../Middlewares/ST/AI/Lib\NetworkRuntime720_CM7_GCC.a(core_mem_manager.o) (malloc)
c:/st/stm32cubeide_1.10.1/stm32cubeide/plugins/com.st.stm32cube.ide.mcu.externaltools.gnu-tools-for-stm32.10.3-2021.10.win32_1.0.0.202111181127/tools/bin/../lib/gcc/arm-none-eabi/10.3.1/../../../../arm-none-eabi/lib/thumb/v7e-m+dp/hard\libc_nano.a(lib_a-memcpy-stub.o)
[...]
Memory Configuration

Name             Origin             Length             Attributes
RAM              0x0000000020000000 0x0000000000080000 xrw
FLASH            0x0000000008000000 0x0000000000200000 xr
*default*        0x0000000000000000 0xffffffffffffffff

Linker script and memory map

LOAD c:/st/stm32cubeide_1.10.1/stm32cubeide/plugins/com.st.stm32cube.ide.mcu.externaltools.gnu-tools-for-stm32.10.3-2021.10.win32_1.0.0.202111181127/tools/bin/../lib/gcc/arm-none-eabi/10.3.1/thumb/v7e-m+dp/hard/crti.o
LOAD c:/st/stm32cubeide_1.10.1/stm32cubeide/plugins/com.st.stm32cube.ide.mcu.externaltools.gnu-tools-for-stm32.10.3-2021.10.win32_1.0.0.202111181127/tools/bin/../lib/gcc/arm-none-eabi/10.3.1/thumb/v7e-m+dp/hard/crtbegin.o
LOAD c:/st/stm32cubeide_1.10.1/stm32cubeide/plugins/com.st.stm32cube.ide.mcu.externaltools.gnu-tools-for-stm32.10.3-2021.10.win32_1.0.0.202111181127/tools/bin/../lib/gcc/arm-none-eabi/10.3.1/../../../../arm-none-eabi/lib/thumb/v7e-m+dp/hard/crt0.o
LOAD ./Core/Src/crc.o
LOAD ./Core/Src/gpio.o
LOAD ./Core/Src/main.o
LOAD ./Core/Src/stm32f7xx_hal_msp.o
LOAD ./Core/Src/stm32f7xx_it.o
LOAD ./Core/Src/sysmem.o
LOAD ./Core/Src/system_stm32f7xx.o
LOAD ./Core/Src/usart.o
LOAD ./Core/Startup/startup_stm32f767zitx.o
LOAD ./Drivers/STM32F7xx_HAL_Driver/Src/stm32f7xx_hal.o
LOAD ./Drivers/STM32F7xx_HAL_Driver/Src/stm32f7xx_hal_cortex.o
LOAD ./Drivers/STM32F7xx_HAL_Driver/Src/stm32f7xx_hal_crc.o
LOAD ./Drivers/STM32F7xx_HAL_Driver/Src/stm32f7xx_hal_crc_ex.o
LOAD ./Drivers/STM32F7xx_HAL_Driver/Src/stm32f7xx_hal_dma.o
LOAD ./Drivers/STM32F7xx_HAL_Driver/Src/stm32f7xx_hal_dma_ex.o
LOAD ./Drivers/STM32F7xx_HAL_Driver/Src/stm32f7xx_hal_exti.o
LOAD ./Drivers/STM32F7xx_HAL_Driver/Src/stm32f7xx_hal_flash.o
LOAD ./Drivers/STM32F7xx_HAL_Driver/Src/stm32f7xx_hal_flash_ex.o
LOAD ./Drivers/STM32F7xx_HAL_Driver/Src/stm32f7xx_hal_gpio.o
LOAD ./Drivers/STM32F7xx_HAL_Driver/Src/stm32f7xx_hal_i2c.o
LOAD ./Drivers/STM32F7xx_HAL_Driver/Src/stm32f7xx_hal_i2c_ex.o
LOAD ./Drivers/STM32F7xx_HAL_Driver/Src/stm32f7xx_hal_pwr.o
LOAD ./Drivers/STM32F7xx_HAL_Driver/Src/stm32f7xx_hal_pwr_ex.o
LOAD ./Drivers/STM32F7xx_HAL_Driver/Src/stm32f7xx_hal_rcc.o
LOAD ./Drivers/STM32F7xx_HAL_Driver/Src/stm32f7xx_hal_rcc_ex.o
LOAD ./Drivers/STM32F7xx_HAL_Driver/Src/stm32f7xx_hal_uart.o
LOAD ./Drivers/STM32F7xx_HAL_Driver/Src/stm32f7xx_hal_uart_ex.o
LOAD ./X-CUBE-AI/App/sine_model.o
LOAD ./X-CUBE-AI/App/sine_model_data.o
LOAD ./X-CUBE-AI/App/sine_model_data_params.o
LOAD ../Middlewares/ST/AI/Lib\NetworkRuntime720_CM7_GCC.a
START GROUP
LOAD c:/st/stm32cubeide_1.10.1/stm32cubeide/plugins/com.st.stm32cube.ide.mcu.externaltools.gnu-tools-for-stm32.10.3-2021.10.win32_1.0.0.202111181127/tools/bin/../lib/gcc/arm-none-eabi/10.3.1/../../../../arm-none-eabi/lib/thumb/v7e-m+dp/hard\libc_nano.a
LOAD c:/st/stm32cubeide_1.10.1/stm32cubeide/plugins/com.st.stm32cube.ide.mcu.externaltools.gnu-tools-for-stm32.10.3-2021.10.win32_1.0.0.202111181127/tools/bin/../lib/gcc/arm-none-eabi/10.3.1/../../../../arm-none-eabi/lib/thumb/v7e-m+dp/hard\libm.a
END GROUP
START GROUP
LOAD c:/st/stm32cubeide_1.10.1/stm32cubeide/plugins/com.st.stm32cube.ide.mcu.externaltools.gnu-tools-for-stm32.10.3-2021.10.win32_1.0.0.202111181127/tools/bin/../lib/gcc/arm-none-eabi/10.3.1/thumb/v7e-m+dp/hard\libgcc.a
LOAD c:/st/stm32cubeide_1.10.1/stm32cubeide/plugins/com.st.stm32cube.ide.mcu.externaltools.gnu-tools-for-stm32.10.3-2021.10.win32_1.0.0.202111181127/tools/bin/../lib/gcc/arm-none-eabi/10.3.1/../../../../arm-none-eabi/lib/thumb/v7e-m+dp/hard\libc_nano.a
END GROUP
START GROUP
LOAD c:/st/stm32cubeide_1.10.1/stm32cubeide/plugins/com.st.stm32cube.ide.mcu.externaltools.gnu-tools-for-stm32.10.3-2021.10.win32_1.0.0.202111181127/tools/bin/../lib/gcc/arm-none-eabi/10.3.1/thumb/v7e-m+dp/hard\libgcc.a
LOAD c:/st/stm32cubeide_1.10.1/stm32cubeide/plugins/com.st.stm32cube.ide.mcu.externaltools.gnu-tools-for-stm32.10.3-2021.10.win32_1.0.0.202111181127/tools/bin/../lib/gcc/arm-none-eabi/10.3.1/../../../../arm-none-eabi/lib/thumb/v7e-m+dp/hard\libc_nano.a
LOAD c:/st/stm32cubeide_1.10.1/stm32cubeide/plugins/com.st.stm32cube.ide.mcu.externaltools.gnu-tools-for-stm32.10.3-2021.10.win32_1.0.0.202111181127/tools/bin/../lib/gcc/arm-none-eabi/10.3.1/../../../../arm-none-eabi/lib/thumb/v7e-m+dp/hard\libnosys.a
END GROUP
START GROUP
LOAD c:/st/stm32cubeide_1.10.1/stm32cubeide/plugins/com.st.stm32cube.ide.mcu.externaltools.gnu-tools-for-stm32.10.3-2021.10.win32_1.0.0.202111181127/tools/bin/../lib/gcc/arm-none-eabi/10.3.1/thumb/v7e-m+dp/hard\libgcc.a
LOAD c:/st/stm32cubeide_1.10.1/stm32cubeide/plugins/com.st.stm32cube.ide.mcu.externaltools.gnu-tools-for-stm32.10.3-2021.10.win32_1.0.0.202111181127/tools/bin/../lib/gcc/arm-none-eabi/10.3.1/../../../../arm-none-eabi/lib/thumb/v7e-m+dp/hard\libc_nano.a
LOAD c:/st/stm32cubeide_1.10.1/stm32cubeide/plugins/com.st.stm32cube.ide.mcu.externaltools.gnu-tools-for-stm32.10.3-2021.10.win32_1.0.0.202111181127/tools/bin/../lib/gcc/arm-none-eabi/10.3.1/../../../../arm-none-eabi/lib/thumb/v7e-m+dp/hard\libnosys.a
END GROUP
LOAD c:/st/stm32cubeide_1.10.1/stm32cubeide/plugins/com.st.stm32cube.ide.mcu.externaltools.gnu-tools-for-stm32.10.3-2021.10.win32_1.0.0.202111181127/tools/bin/../lib/gcc/arm-none-eabi/10.3.1/thumb/v7e-m+dp/hard/crtend.o
LOAD c:/st/stm32cubeide_1.10.1/stm32cubeide/plugins/com.st.stm32cube.ide.mcu.externaltools.gnu-tools-for-stm32.10.3-2021.10.win32_1.0.0.202111181127/tools/bin/../lib/gcc/arm-none-eabi/10.3.1/thumb/v7e-m+dp/hard/crtn.o
                0x0000000020080000                _estack = (ORIGIN (RAM) + LENGTH (RAM))
                0x0000000000000800                _Min_Heap_Size = 0x800
                0x0000000000000800                _Min_Stack_Size = 0x800

.isr_vector     0x0000000008000000      0x1f8
                0x0000000008000000                . = ALIGN (0x4)
 *(.isr_vector)
 .isr_vector    0x0000000008000000      0x1f8 ./Core/Startup/startup_stm32f767zitx.o
                0x0000000008000000                g_pfnVectors
                0x00000000080001f8                . = ALIGN (0x4)

.text           0x0000000008000200     0x7c2c
                0x0000000008000200                . = ALIGN (0x4)
 *(.text)
 .text          0x0000000008000200       0x40 c:/st/stm32cubeide_1.10.1/stm32cubeide/plugins/com.st.stm32cube.ide.mcu.externaltools.gnu-tools-for-stm32.10.3-2021.10.win32_1.0.0.202111181127/tools/bin/../lib/gcc/arm-none-eabi/10.3.1/thumb/v7e-m+dp/hard/crtbegin.o
 .text          0x0000000008000240       0x10 c:/st/stm32cubeide_1.10.1/stm32cubeide/plugins/com.st.stm32cube.ide.mcu.externaltools.gnu-tools-for-stm32.10.3-2021.10.win32_1.0.0.202111181127/tools/bin/../lib/gcc/arm-none-eabi/10.3.1/../../../../arm-none-eabi/lib/thumb/v7e-m+dp/hard\libc_nano.a(lib_a-strlen.o)
                0x0000000008000240                strlen
 .text          0x0000000008000250       0xa0 c:/st/stm32cubeide_1.10.1/stm32cubeide/plugins/com.st.stm32cube.ide.mcu.externaltools.gnu-tools-for-stm32.10.3-2021.10.win32_1.0.0.202111181127/tools/bin/../lib/gcc/arm-none-eabi/10.3.1/../../../../arm-none-eabi/lib/thumb/v7e-m+dp/hard\libc_nano.a(lib_a-memchr.o)
                0x0000000008000250                memchr
 .text          0x00000000080002f0       0x30 c:/st/stm32cubeide_1.10.1/stm32cubeide/plugins/com.st.stm32cube.ide.mcu.externaltools.gnu-tools-for-stm32.10.3-2021.10.win32_1.0.0.202111181127/tools/bin/../lib/gcc/arm-none-eabi/10.3.1/thumb/v7e-m+dp/hard\libgcc.a(_aeabi_uldivmod.o)
                0x00000000080002f0                __aeabi_uldivmod
 .text          0x0000000008000320      0x2d0 c:/st/stm32cubeide_1.10.1/stm32cubeide/plugins/com.st.stm32cube.ide.mcu.externaltools.gnu-tools-for-stm32.10.3-2021.10.win32_1.0.0.202111181127/tools/bin/../lib/gcc/arm-none-eabi/10.3.1/thumb/v7e-m+dp/hard\libgcc.a(_udivmoddi4.o)
                0x0000000008000320                __udivmoddi4
 .text          0x00000000080005f0        0x4 c:/st/stm32cubeide_1.10.1/stm32cubeide/plugins/com.st.stm32cube.ide.mcu.externaltools.gnu-tools-for-stm32.10.3-2021.10.win32_1.0.0.202111181127/tools/bin/../lib/gcc/arm-none-eabi/10.3.1/thumb/v7e-m+dp/hard\libgcc.a(_dvmd_tls.o)
                0x00000000080005f0                __aeabi_idiv0
                0x00000000080005f0                __aeabi_ldiv0
 *(.text*)
 .text.MX_CRC_Init
                0x00000000080005f4       0x2c ./Core/Src/crc.o
                0x00000000080005f4                MX_CRC_Init
 .text.HAL_CRC_MspInit
                0x0000000008000620       0x2c ./Core/Src/crc.o
                0x0000000008000620                HAL_CRC_MspInit
 .text.MX_GPIO_Init
                0x000000000800064c       0x30 ./Core/Src/gpio.o
                0x000000000800064c                MX_GPIO_Init
 .text.SystemClock_Config
                0x000000000800067c       0xa0 ./Core/Src/main.o
                0x000000000800067c                SystemClock_Config
 *fill*         0x000000000800071c        0x4 
 .text.startup.main
                0x0000000008000720      0x1b8 ./Core/Src/main.o
                0x0000000008000720                main
 .text.Error_Handler
                0x00000000080008d8        0x4 ./Core/Src/main.o
                0x00000000080008d8                Error_Handler
 .text.HAL_MspInit
                0x00000000080008dc       0x30 ./Core/Src/stm32f7xx_hal_msp.o
                0x00000000080008dc                HAL_MspInit
 .text.NMI_Handler
                0x000000000800090c        0x2 ./Core/Src/stm32f7xx_it.o
                0x000000000800090c                NMI_Handler
 .text.HardFault_Handler
                0x000000000800090e        0x2 ./Core/Src/stm32f7xx_it.o
                0x000000000800090e                HardFault_Handler
 .text.MemManage_Handler
                0x0000000008000910        0x2 ./Core/Src/stm32f7xx_it.o
                0x0000000008000910                MemManage_Handler
 .text.BusFault_Handler
                0x0000000008000912        0x2 ./Core/Src/stm32f7xx_it.o
                0x0000000008000912                BusFault_Handler
 .text.UsageFault_Handler
                0x0000000008000914        0x2 ./Core/Src/stm32f7xx_it.o
                0x0000000008000914                UsageFault_Handler
 .text.SVC_Handler
                0x0000000008000916        0x2 ./Core/Src/stm32f7xx_it.o
                0x0000000008000916                SVC_Handler
 .text.DebugMon_Handler
                0x0000000008000918        0x2 ./Core/Src/stm32f7xx_it.o
                0x0000000008000918                DebugMon_Handler
 .text.PendSV_Handler
                0x000000000800091a        0x2 ./Core/Src/stm32f7xx_it.o
                0x000000000800091a                PendSV_Handler
 .text.SysTick_Handler
                0x000000000800091c        0x4 ./Core/Src/stm32f7xx_it.o
                0x000000000800091c                SysTick_Handler
 .text._sbrk    0x0000000008000920       0x40 ./Core/Src/sysmem.o
                0x0000000008000920                _sbrk
 .text.SystemInit
                0x0000000008000960       0x14 ./Core/Src/system_stm32f7xx.o
                0x0000000008000960                SystemInit
 .text.MX_USART3_UART_Init
                0x0000000008000974       0x3c ./Core/Src/usart.o
                0x0000000008000974                MX_USART3_UART_Init
 .text.HAL_UART_MspInit
                0x00000000080009b0       0x88 ./Core/Src/usart.o
                0x00000000080009b0                HAL_UART_MspInit
 .text.Reset_Handler
                0x0000000008000a38       0x50 ./Core/Startup/startup_stm32f767zitx.o
                0x0000000008000a38                Reset_Handler
 .text.Default_Handler
                0x0000000008000a88        0x2 ./Core/Startup/startup_stm32f767zitx.o
                0x0000000008000a88                RTC_Alarm_IRQHandler
                0x0000000008000a88                EXTI2_IRQHandler
                0x0000000008000a88                TIM8_CC_IRQHandler
                0x0000000008000a88                UART8_IRQHandler
                0x0000000008000a88                SPI4_IRQHandler
                0x0000000008000a88                TIM1_CC_IRQHandler
                0x0000000008000a88                DMA2_Stream5_IRQHandler
                0x0000000008000a88                JPEG_IRQHandler
                0x0000000008000a88                DMA1_Stream5_IRQHandler
                0x0000000008000a88                CAN3_RX1_IRQHandler
                0x0000000008000a88                PVD_IRQHandler
                0x0000000008000a88                TAMP_STAMP_IRQHandler
                0x0000000008000a88                CAN2_RX1_IRQHandler
                0x0000000008000a88                EXTI3_IRQHandler
                0x0000000008000a88                TIM8_TRG_COM_TIM14_IRQHandler
                0x0000000008000a88                DFSDM1_FLT1_IRQHandler
                0x0000000008000a88                TIM1_UP_TIM10_IRQHandler
                0x0000000008000a88                TIM8_UP_TIM13_IRQHandler
                0x0000000008000a88                I2C3_ER_IRQHandler
                0x0000000008000a88                DFSDM1_FLT2_IRQHandler
                0x0000000008000a88                EXTI0_IRQHandler
                0x0000000008000a88                I2C2_EV_IRQHandler
                0x0000000008000a88                DMA1_Stream2_IRQHandler
                0x0000000008000a88                CAN1_RX0_IRQHandler
                0x0000000008000a88                FPU_IRQHandler
                0x0000000008000a88                OTG_HS_WKUP_IRQHandler
                0x0000000008000a88                CAN3_SCE_IRQHandler
                0x0000000008000a88                LTDC_ER_IRQHandler
                0x0000000008000a88                CAN2_SCE_IRQHandler
                0x0000000008000a88                DMA2_Stream2_IRQHandler
                0x0000000008000a88                SPI1_IRQHandler
                0x0000000008000a88                TIM6_DAC_IRQHandler
                0x0000000008000a88                TIM1_BRK_TIM9_IRQHandler
                0x0000000008000a88                DCMI_IRQHandler
                0x0000000008000a88                CAN2_RX0_IRQHandler
                0x0000000008000a88                DMA2_Stream3_IRQHandler
                0x0000000008000a88                SAI2_IRQHandler
                0x0000000008000a88                DFSDM1_FLT3_IRQHandler
                0x0000000008000a88                USART6_IRQHandler
                0x0000000008000a88                CAN3_RX0_IRQHandler
                0x0000000008000a88                USART3_IRQHandler
                0x0000000008000a88                CAN1_RX1_IRQHandler
                0x0000000008000a88                UART5_IRQHandler
                0x0000000008000a88                DMA2_Stream0_IRQHandler
                0x0000000008000a88                TIM4_IRQHandler
                0x0000000008000a88                QUADSPI_IRQHandler
                0x0000000008000a88                I2C1_EV_IRQHandler
                0x0000000008000a88                DMA1_Stream6_IRQHandler
                0x0000000008000a88                DMA1_Stream1_IRQHandler
                0x0000000008000a88                UART4_IRQHandler
                0x0000000008000a88                TIM3_IRQHandler
                0x0000000008000a88                RCC_IRQHandler
                0x0000000008000a88                TIM8_BRK_TIM12_IRQHandler
                0x0000000008000a88                Default_Handler
                0x0000000008000a88                CEC_IRQHandler
                0x0000000008000a88                EXTI15_10_IRQHandler
                0x0000000008000a88                ADC_IRQHandler
                0x0000000008000a88                DMA1_Stream7_IRQHandler
                0x0000000008000a88                SPI5_IRQHandler
                0x0000000008000a88                TIM7_IRQHandler
                0x0000000008000a88                SDMMC1_IRQHandler
                0x0000000008000a88                CAN2_TX_IRQHandler
                0x0000000008000a88                TIM5_IRQHandler
                0x0000000008000a88                DMA2_Stream7_IRQHandler
                0x0000000008000a88                I2C3_EV_IRQHandler
                0x0000000008000a88                EXTI9_5_IRQHandler
                0x0000000008000a88                RTC_WKUP_IRQHandler
                0x0000000008000a88                LTDC_IRQHandler
                0x0000000008000a88                ETH_WKUP_IRQHandler
                0x0000000008000a88                SPDIF_RX_IRQHandler
                0x0000000008000a88                SPI2_IRQHandler
                0x0000000008000a88                OTG_HS_EP1_IN_IRQHandler
                0x0000000008000a88                DMA1_Stream0_IRQHandler
                0x0000000008000a88                CAN1_TX_IRQHandler
                0x0000000008000a88                EXTI4_IRQHandler
                0x0000000008000a88                RNG_IRQHandler
                0x0000000008000a88                ETH_IRQHandler
                0x0000000008000a88                OTG_HS_EP1_OUT_IRQHandler
                0x0000000008000a88                WWDG_IRQHandler
                0x0000000008000a88                SPI6_IRQHandler
                0x0000000008000a88                MDIOS_IRQHandler
                0x0000000008000a88                I2C4_EV_IRQHandler
                0x0000000008000a88                CAN3_TX_IRQHandler
                0x0000000008000a88                TIM2_IRQHandler
                0x0000000008000a88                OTG_FS_WKUP_IRQHandler
                0x0000000008000a88                TIM1_TRG_COM_TIM11_IRQHandler
                0x0000000008000a88                OTG_HS_IRQHandler
                0x0000000008000a88                DMA2D_IRQHandler
                0x0000000008000a88                EXTI1_IRQHandler
                0x0000000008000a88                SDMMC2_IRQHandler
                0x0000000008000a88                UART7_IRQHandler
                0x0000000008000a88                USART2_IRQHandler
                0x0000000008000a88                DFSDM1_FLT0_IRQHandler
                0x0000000008000a88                I2C2_ER_IRQHandler
                0x0000000008000a88                DMA2_Stream1_IRQHandler
                0x0000000008000a88                CAN1_SCE_IRQHandler
                0x0000000008000a88                FLASH_IRQHandler
                0x0000000008000a88                DMA2_Stream4_IRQHandler
                0x0000000008000a88                USART1_IRQHandler
                0x0000000008000a88                OTG_FS_IRQHandler
                0x0000000008000a88                SPI3_IRQHandler
                0x0000000008000a88                DMA1_Stream4_IRQHandler
                0x0000000008000a88                I2C1_ER_IRQHandler
                0x0000000008000a88                FMC_IRQHandler
                0x0000000008000a88                LPTIM1_IRQHandler
                0x0000000008000a88                I2C4_ER_IRQHandler
                0x0000000008000a88                DMA2_Stream6_IRQHandler
                0x0000000008000a88                SAI1_IRQHandler
                0x0000000008000a88                DMA1_Stream3_IRQHandler
 *fill*         0x0000000008000a8a        0x2 
 .text.HAL_InitTick
                0x0000000008000a8c       0x48 ./Drivers/STM32F7xx_HAL_Driver/Src/stm32f7xx_hal.o
                0x0000000008000a8c                HAL_InitTick
 .text.HAL_Init
                0x0000000008000ad4       0x16 ./Drivers/STM32F7xx_HAL_Driver/Src/stm32f7xx_hal.o
                0x0000000008000ad4                HAL_Init
 *fill*         0x0000000008000aea        0x2 
 .text.HAL_IncTick
                0x0000000008000aec       0x18 ./Drivers/STM32F7xx_HAL_Driver/Src/stm32f7xx_hal.o
                0x0000000008000aec                HAL_IncTick
 .text.HAL_GetTick
                0x0000000008000b04        0xc ./Drivers/STM32F7xx_HAL_Driver/Src/stm32f7xx_hal.o
                0x0000000008000b04                HAL_GetTick
 .text.HAL_Delay
                0x0000000008000b10       0x24 ./Drivers/STM32F7xx_HAL_Driver/Src/stm32f7xx_hal.o
                0x0000000008000b10                HAL_Delay
 .text.HAL_NVIC_SetPriorityGrouping
                0x0000000008000b34       0x24 ./Drivers/STM32F7xx_HAL_Driver/Src/stm32f7xx_hal_cortex.o
                0x0000000008000b34                HAL_NVIC_SetPriorityGrouping
 .text.HAL_NVIC_SetPriority
                0x0000000008000b58       0x64 ./Drivers/STM32F7xx_HAL_Driver/Src/stm32f7xx_hal_cortex.o
                0x0000000008000b58                HAL_NVIC_SetPriority
 .text.HAL_SYSTICK_Config
                0x0000000008000bbc       0x28 ./Drivers/STM32F7xx_HAL_Driver/Src/stm32f7xx_hal_cortex.o
                0x0000000008000bbc                HAL_SYSTICK_Config
 .text.HAL_CRC_Init
                0x0000000008000be4       0x74 ./Drivers/STM32F7xx_HAL_Driver/Src/stm32f7xx_hal_crc.o
                0x0000000008000be4                HAL_CRC_Init
 .text.HAL_CRCEx_Polynomial_Set
                0x0000000008000c58       0x48 ./Drivers/STM32F7xx_HAL_Driver/Src/stm32f7xx_hal_crc_ex.o
                0x0000000008000c58                HAL_CRCEx_Polynomial_Set
 .text.HAL_GPIO_Init
                0x0000000008000ca0      0x1c8 ./Drivers/STM32F7xx_HAL_Driver/Src/stm32f7xx_hal_gpio.o
                0x0000000008000ca0                HAL_GPIO_Init
 .text.HAL_RCC_OscConfig
                0x0000000008000e68      0x38c ./Drivers/STM32F7xx_HAL_Driver/Src/stm32f7xx_hal_rcc.o
                0x0000000008000e68                HAL_RCC_OscConfig
 .text.HAL_RCC_GetSysClockFreq
                0x00000000080011f4       0x5c ./Drivers/STM32F7xx_HAL_Driver/Src/stm32f7xx_hal_rcc.o
                0x00000000080011f4                HAL_RCC_GetSysClockFreq
 .text.HAL_RCC_ClockConfig
                0x0000000008001250      0x140 ./Drivers/STM32F7xx_HAL_Driver/Src/stm32f7xx_hal_rcc.o
                0x0000000008001250                HAL_RCC_ClockConfig
 .text.HAL_RCC_GetPCLK1Freq
                0x0000000008001390       0x20 ./Drivers/STM32F7xx_HAL_Driver/Src/stm32f7xx_hal_rcc.o
                0x0000000008001390                HAL_RCC_GetPCLK1Freq
 .text.HAL_RCC_GetPCLK2Freq
                0x00000000080013b0       0x20 ./Drivers/STM32F7xx_HAL_Driver/Src/stm32f7xx_hal_rcc.o
                0x00000000080013b0                HAL_RCC_GetPCLK2Freq
 .text.HAL_RCCEx_PeriphCLKConfig
                0x00000000080013d0      0x558 ./Drivers/STM32F7xx_HAL_Driver/Src/stm32f7xx_hal_rcc_ex.o
                0x00000000080013d0                HAL_RCCEx_PeriphCLKConfig
 .text.UART_SetConfig
                0x0000000008001928      0x284 ./Drivers/STM32F7xx_HAL_Driver/Src/stm32f7xx_hal_uart.o
                0x0000000008001928                UART_SetConfig
 .text.UART_AdvFeatureConfig
                0x0000000008001bac       0xaa ./Drivers/STM32F7xx_HAL_Driver/Src/stm32f7xx_hal_uart.o
                0x0000000008001bac                UART_AdvFeatureConfig
 .text.UART_WaitOnFlagUntilTimeout
                0x0000000008001c56       0xc0 ./Drivers/STM32F7xx_HAL_Driver/Src/stm32f7xx_hal_uart.o
                0x0000000008001c56                UART_WaitOnFlagUntilTimeout
 .text.HAL_UART_Transmit
                0x0000000008001d16       0xa0 ./Drivers/STM32F7xx_HAL_Driver/Src/stm32f7xx_hal_uart.o
                0x0000000008001d16                HAL_UART_Transmit
 .text.UART_CheckIdleState
                0x0000000008001db6       0x6a ./Drivers/STM32F7xx_HAL_Driver/Src/stm32f7xx_hal_uart.o
                0x0000000008001db6                UART_CheckIdleState
 .text.HAL_UART_Init
                0x0000000008001e20       0x5c ./Drivers/STM32F7xx_HAL_Driver/Src/stm32f7xx_hal_uart.o
                0x0000000008001e20                HAL_UART_Init
 .text.ai_sine_model_get_report
                0x0000000008001e7c       0x98 ./X-CUBE-AI/App/sine_model.o
                0x0000000008001e7c                ai_sine_model_get_report
 .text.ai_sine_model_create
                0x0000000008001f14       0x1c ./X-CUBE-AI/App/sine_model.o
                0x0000000008001f14                ai_sine_model_create
 .text.ai_sine_model_init
                0x0000000008001f30      0x134 ./X-CUBE-AI/App/sine_model.o
                0x0000000008001f30                ai_sine_model_init
 .text.ai_sine_model_create_and_init
                0x0000000008002064       0x8e ./X-CUBE-AI/App/sine_model.o
                0x0000000008002064                ai_sine_model_create_and_init
 .text.ai_sine_model_run
                0x00000000080020f2        0x4 ./X-CUBE-AI/App/sine_model.o
                0x00000000080020f2                ai_sine_model_run
 *fill*         0x00000000080020f6        0x2 
 .text.ai_sine_model_data_params_get
                0x00000000080020f8       0x30 ./X-CUBE-AI/App/sine_model_data.o
                0x00000000080020f8                ai_sine_model_data_params_get
 .text.ai_buffer_get_size
                0x0000000008002128       0x68 ../Middlewares/ST/AI/Lib\NetworkRuntime720_CM7_GCC.a(ai_platform.o)
                0x0000000008002128                ai_buffer_get_size
 .text.ai_buffer_array_sane
                0x0000000008002190       0x14 ../Middlewares/ST/AI/Lib\NetworkRuntime720_CM7_GCC.a(ai_platform.o)
                0x0000000008002190                ai_buffer_array_sane
 .text.ai_buffer_array_item_set_address
                0x00000000080021a4       0x20 ../Middlewares/ST/AI/Lib\NetworkRuntime720_CM7_GCC.a(ai_platform.o)
                0x00000000080021a4                ai_buffer_array_item_set_address
 .text._ai_platform_acquire_crc
                0x00000000080021c4        0x4 ../Middlewares/ST/AI/Lib\NetworkRuntime720_CM7_GCC.a(ai_platform_interface.o)
                0x00000000080021c4                _ai_platform_acquire_crc
 .text._ai_platform_release_crc
                0x00000000080021c8        0x4 ../Middlewares/ST/AI/Lib\NetworkRuntime720_CM7_GCC.a(ai_platform_interface.o)
                0x00000000080021c8                _ai_platform_release_crc
 .text.ai_platform_get_weights_map
                0x00000000080021cc       0xb0 ../Middlewares/ST/AI/Lib\NetworkRuntime720_CM7_GCC.a(ai_platform_interface.o)
                0x00000000080021cc                ai_platform_get_weights_map
 .text.ai_platform_get_activations_map
                0x000000000800227c       0xb0 ../Middlewares/ST/AI/Lib\NetworkRuntime720_CM7_GCC.a(ai_platform_interface.o)
                0x000000000800227c                ai_platform_get_activations_map
 .text.ai_platform_bind_network_params
                0x000000000800232c       0x34 ../Middlewares/ST/AI/Lib\NetworkRuntime720_CM7_GCC.a(ai_platform_interface.o)
                0x000000000800232c                ai_platform_bind_network_params
 .text.ai_platform_runtime_get_revision
                0x0000000008002360       0xf4 ../Middlewares/ST/AI/Lib\NetworkRuntime720_CM7_GCC.a(ai_platform_interface.o)
                0x0000000008002360                ai_platform_runtime_get_revision
 .text.ai_platform_runtime_get_version
                0x0000000008002454      0x11c ../Middlewares/ST/AI/Lib\NetworkRuntime720_CM7_GCC.a(ai_platform_interface.o)
                0x0000000008002454                ai_platform_runtime_get_version
 .text.ai_platform_api_get_version
                0x0000000008002570      0x11c ../Middlewares/ST/AI/Lib\NetworkRuntime720_CM7_GCC.a(ai_platform_interface.o)
                0x0000000008002570                ai_platform_api_get_version
 .text.ai_platform_interface_api_get_version
                0x000000000800268c      0x11c ../Middlewares/ST/AI/Lib\NetworkRuntime720_CM7_GCC.a(ai_platform_interface.o)
                0x000000000800268c                ai_platform_interface_api_get_version
 .text.ai_platform_context_acquire
                0x00000000080027a8      0x100 ../Middlewares/ST/AI/Lib\NetworkRuntime720_CM7_GCC.a(ai_platform_interface.o)
                0x00000000080027a8                ai_platform_context_acquire
 .text.ai_platform_network_get_error
                0x00000000080028a8      0x1e4 ../Middlewares/ST/AI/Lib\NetworkRuntime720_CM7_GCC.a(ai_platform_interface.o)
                0x00000000080028a8                ai_platform_network_get_error
 .text.ai_platform_network_set_error
                0x0000000008002a8c        0xc ../Middlewares/ST/AI/Lib\NetworkRuntime720_CM7_GCC.a(ai_platform_interface.o)
                0x0000000008002a8c                ai_platform_network_set_error
 .text.ai_platform_api_get_network_report
                0x0000000008002a98      0x82c ../Middlewares/ST/AI/Lib\NetworkRuntime720_CM7_GCC.a(ai_platform_interface.o)
                0x0000000008002a98                ai_platform_api_get_network_report
 .text.ai_platform_network_create
                0x00000000080032c4      0x368 ../Middlewares/ST/AI/Lib\NetworkRuntime720_CM7_GCC.a(ai_platform_interface.o)
                0x00000000080032c4                ai_platform_network_create
 .text.ai_platform_network_init
                0x000000000800362c      0x2f8 ../Middlewares/ST/AI/Lib\NetworkRuntime720_CM7_GCC.a(ai_platform_interface.o)
                0x000000000800362c                ai_platform_network_init
 .text.ai_platform_network_post_init
                0x0000000008003924      0x218 ../Middlewares/ST/AI/Lib\NetworkRuntime720_CM7_GCC.a(ai_platform_interface.o)
                0x0000000008003924                ai_platform_network_post_init
 .text.ai_platform_network_process
                0x0000000008003b3c      0x5ac ../Middlewares/ST/AI/Lib\NetworkRuntime720_CM7_GCC.a(ai_platform_interface.o)
                0x0000000008003b3c                ai_platform_network_process
 .text.core_init
                0x00000000080040e8        0x4 ../Middlewares/ST/AI/Lib\NetworkRuntime720_CM7_GCC.a(core_common.o)
                0x00000000080040e8                core_init
 .text.core_get_error
                0x00000000080040ec        0xc ../Middlewares/ST/AI/Lib\NetworkRuntime720_CM7_GCC.a(core_common.o)
                0x00000000080040ec                core_get_error
 .text.core_set_error
                0x00000000080040f8       0x18 ../Middlewares/ST/AI/Lib\NetworkRuntime720_CM7_GCC.a(core_common.o)
                0x00000000080040f8                core_set_error
 .text.forward_dense
                0x0000000008004110      0xa74 ../Middlewares/ST/AI/Lib\NetworkRuntime720_CM7_GCC.a(layers_conv2d_generic_float.o)
                0x0000000008004110                forward_dense
 .text.nl_func_relu_generic_array_f32
                0x0000000008004b84      0x118 ../Middlewares/ST/AI/Lib\NetworkRuntime720_CM7_GCC.a(layers_nl_generic_float.o)
                0x0000000008004b84                nl_func_relu_generic_array_f32
 .text.forward_relu
                0x0000000008004c9c      0x138 ../Middlewares/ST/AI/Lib\NetworkRuntime720_CM7_GCC.a(layers_nl_generic_float.o)
                0x0000000008004c9c                forward_relu
 .text.ai_check_custom_types
                0x0000000008004dd4       0x50 ../Middlewares/ST/AI/Lib\NetworkRuntime720_CM7_GCC.a(layers.o)
                0x0000000008004dd4                ai_check_custom_types
 .text.ai_layers_init_all
                0x0000000008004e24       0x1c ../Middlewares/ST/AI/Lib\NetworkRuntime720_CM7_GCC.a(layers.o)
                0x0000000008004e24                ai_layers_init_all
 .text.ai_layers_post_init_all
                0x0000000008004e40       0x28 ../Middlewares/ST/AI/Lib\NetworkRuntime720_CM7_GCC.a(layers.o)
                0x0000000008004e40                ai_layers_post_init_all
 .text.ai_layers_forward_all
                0x0000000008004e68       0x98 ../Middlewares/ST/AI/Lib\NetworkRuntime720_CM7_GCC.a(layers.o)
                0x0000000008004e68                ai_layers_forward_all
 .text.ai_version_get
                0x0000000008004f00        0xc ../Middlewares/ST/AI/Lib\NetworkRuntime720_CM7_GCC.a(ai_datatypes_internal.o)
                0x0000000008004f00                ai_version_get
 .text.ai_platform_version_get
                0x0000000008004f0c       0x24 ../Middlewares/ST/AI/Lib\NetworkRuntime720_CM7_GCC.a(ai_datatypes_internal.o)
                0x0000000008004f0c                ai_platform_version_get
 .text.get_tensor_byte_size
                0x0000000008004f30       0x2c ../Middlewares/ST/AI/Lib\NetworkRuntime720_CM7_GCC.a(ai_datatypes_internal.o)
                0x0000000008004f30                get_tensor_byte_size
 .text.ai_array_to_buffer_fmt
                0x0000000008004f5c       0xd8 ../Middlewares/ST/AI/Lib\NetworkRuntime720_CM7_GCC.a(ai_datatypes_format.o)
                0x0000000008004f5c                ai_array_to_buffer_fmt
 .text.ai_array_get_byte_size
                0x0000000008005034       0x50 ../Middlewares/ST/AI/Lib\NetworkRuntime720_CM7_GCC.a(ai_datatypes_format.o)
                0x0000000008005034                ai_array_get_byte_size
 .text.ai_array_get_data_byte_size
                0x0000000008005084       0x20 ../Middlewares/ST/AI/Lib\NetworkRuntime720_CM7_GCC.a(ai_datatypes_format.o)
                0x0000000008005084                ai_array_get_data_byte_size
 .text.__errno  0x00000000080050a4        0xc c:/st/stm32cubeide_1.10.1/stm32cubeide/plugins/com.st.stm32cube.ide.mcu.externaltools.gnu-tools-for-stm32.10.3-2021.10.win32_1.0.0.202111181127/tools/bin/../lib/gcc/arm-none-eabi/10.3.1/../../../../arm-none-eabi/lib/thumb/v7e-m+dp/hard\libc_nano.a(lib_a-errno.o)
                0x00000000080050a4                __errno
 .text.__libc_init_array
                0x00000000080050b0       0x48 c:/st/stm32cubeide_1.10.1/stm32cubeide/plugins/com.st.stm32cube.ide.mcu.externaltools.gnu-tools-for-stm32.10.3-2021.10.win32_1.0.0.202111181127/tools/bin/../lib/gcc/arm-none-eabi/10.3.1/../../../../arm-none-eabi/lib/thumb/v7e-m+dp/hard\libc_nano.a(lib_a-init.o)
                0x00000000080050b0                __libc_init_array
 .text.malloc   0x00000000080050f8       0x10 c:/st/stm32cubeide_1.10.1/stm32cubeide/plugins/com.st.stm32cube.ide.mcu.externaltools.gnu-tools-for-stm32.10.3-2021.10.win32_1.0.0.202111181127/tools/bin/../lib/gcc/arm-none-eabi/10.3.1/../../../../arm-none-eabi/lib/thumb/v7e-m+dp/hard\libc_nano.a(lib_a-malloc.o)
                0x00000000080050f8                malloc
 .text.memcpy   0x0000000008005108       0x1c c:/st/stm32cubeide_1.10.1/stm32cubeide/plugins/com.st.stm32cube.ide.mcu.externaltools.gnu-tools-for-stm32.10.3-2021.10.win32_1.0.0.202111181127/tools/bin/../lib/gcc/arm-none-eabi/10.3.1/../../../../arm-none-eabi/lib/thumb/v7e-m+dp/hard\libc_nano.a(lib_a-memcpy-stub.o)
                0x0000000008005108                memcpy
 .text.memset   0x0000000008005124       0x10 c:/st/stm32cubeide_1.10.1/stm32cubeide/plugins/com.st.stm32cube.ide.mcu.externaltools.gnu-tools-for-stm32.10.3-2021.10.win32_1.0.0.202111181127/tools/bin/../lib/gcc/arm-none-eabi/10.3.1/../../../../arm-none-eabi/lib/thumb/v7e-m+dp/hard\libc_nano.a(lib_a-memset.o)
                0x0000000008005124                memset
 .text._free_r  0x0000000008005134       0x98 c:/st/stm32cubeide_1.10.1/stm32cubeide/plugins/com.st.stm32cube.ide.mcu.externaltools.gnu-tools-for-stm32.10.3-2021.10.win32_1.0.0.202111181127/tools/bin/../lib/gcc/arm-none-eabi/10.3.1/../../../../arm-none-eabi/lib/thumb/v7e-m+dp/hard\libc_nano.a(lib_a-nano-freer.o)
                0x0000000008005134                _free_r
 .text.sbrk_aligned
                0x00000000080051cc       0x40 c:/st/stm32cubeide_1.10.1/stm32cubeide/plugins/com.st.stm32cube.ide.mcu.externaltools.gnu-tools-for-stm32.10.3-2021.10.win32_1.0.0.202111181127/tools/bin/../lib/gcc/arm-none-eabi/10.3.1/../../../../arm-none-eabi/lib/thumb/v7e-m+dp/hard\libc_nano.a(lib_a-nano-mallocr.o)
 .text._malloc_r
                0x000000000800520c       0xe8 c:/st/stm32cubeide_1.10.1/stm32cubeide/plugins/com.st.stm32cube.ide.mcu.externaltools.gnu-tools-for-stm32.10.3-2021.10.win32_1.0.0.202111181127/tools/bin/../lib/gcc/arm-none-eabi/10.3.1/../../../../arm-none-eabi/lib/thumb/v7e-m+dp/hard\libc_nano.a(lib_a-nano-mallocr.o)
                0x000000000800520c                _malloc_r
 .text.__cvt    0x00000000080052f4       0xa4 c:/st/stm32cubeide_1.10.1/stm32cubeide/plugins/com.st.stm32cube.ide.mcu.externaltools.gnu-tools-for-stm32.10.3-2021.10.win32_1.0.0.202111181127/tools/bin/../lib/gcc/arm-none-eabi/10.3.1/../../../../arm-none-eabi/lib/thumb/v7e-m+dp/hard\libc_nano.a(lib_a-nano-vfprintf_float.o)
                0x00000000080052f4                __cvt
 .text.__exponent
                0x0000000008005398       0x7c c:/st/stm32cubeide_1.10.1/stm32cubeide/plugins/com.st.stm32cube.ide.mcu.externaltools.gnu-tools-for-stm32.10.3-2021.10.win32_1.0.0.202111181127/tools/bin/../lib/gcc/arm-none-eabi/10.3.1/../../../../arm-none-eabi/lib/thumb/v7e-m+dp/hard\libc_nano.a(lib_a-nano-vfprintf_float.o)
                0x0000000008005398                __exponent
 *fill*         0x0000000008005414        0x4 
 .text._printf_float
                0x0000000008005418      0x43c c:/st/stm32cubeide_1.10.1/stm32cubeide/plugins/com.st.stm32cube.ide.mcu.externaltools.gnu-tools-for-stm32.10.3-2021.10.win32_1.0.0.202111181127/tools/bin/../lib/gcc/arm-none-eabi/10.3.1/../../../../arm-none-eabi/lib/thumb/v7e-m+dp/hard\libc_nano.a(lib_a-nano-vfprintf_float.o)
                0x0000000008005418                _printf_float
 .text._printf_common
                0x0000000008005854       0xda c:/st/stm32cubeide_1.10.1/stm32cubeide/plugins/com.st.stm32cube.ide.mcu.externaltools.gnu-tools-for-stm32.10.3-2021.10.win32_1.0.0.202111181127/tools/bin/../lib/gcc/arm-none-eabi/10.3.1/../../../../arm-none-eabi/lib/thumb/v7e-m+dp/hard\libc_nano.a(lib_a-nano-vfprintf_i.o)
                0x0000000008005854                _printf_common
 *fill*         0x000000000800592e        0x2 
 .text._printf_i
                0x0000000008005930      0x24c c:/st/stm32cubeide_1.10.1/stm32cubeide/plugins/com.st.stm32cube.ide.mcu.externaltools.gnu-tools-for-stm32.10.3-2021.10.win32_1.0.0.202111181127/tools/bin/../lib/gcc/arm-none-eabi/10.3.1/../../../../arm-none-eabi/lib/thumb/v7e-m+dp/hard\libc_nano.a(lib_a-nano-vfprintf_i.o)
                0x0000000008005930                _printf_i
 .text._sbrk_r  0x0000000008005b7c       0x20 c:/st/stm32cubeide_1.10.1/stm32cubeide/plugins/com.st.stm32cube.ide.mcu.externaltools.gnu-tools-for-stm32.10.3-2021.10.win32_1.0.0.202111181127/tools/bin/../lib/gcc/arm-none-eabi/10.3.1/../../../../arm-none-eabi/lib/thumb/v7e-m+dp/hard\libc_nano.a(lib_a-sbrkr.o)
                0x0000000008005b7c                _sbrk_r
 .text.sprintf  0x0000000008005b9c       0x40 c:/st/stm32cubeide_1.10.1/stm32cubeide/plugins/com.st.stm32cube.ide.mcu.externaltools.gnu-tools-for-stm32.10.3-2021.10.win32_1.0.0.202111181127/tools/bin/../lib/gcc/arm-none-eabi/10.3.1/../../../../arm-none-eabi/lib/thumb/v7e-m+dp/hard\libc_nano.a(lib_a-sprintf.o)
                0x0000000008005b9c                siprintf
                0x0000000008005b9c                sprintf
 .text.strcpy   0x0000000008005bdc       0x10 c:/st/stm32cubeide_1.10.1/stm32cubeide/plugins/com.st.stm32cube.ide.mcu.externaltools.gnu-tools-for-stm32.10.3-2021.10.win32_1.0.0.202111181127/tools/bin/../lib/gcc/arm-none-eabi/10.3.1/../../../../arm-none-eabi/lib/thumb/v7e-m+dp/hard\libc_nano.a(lib_a-strcpy.o)
                0x0000000008005bdc                strcpy
 .text.quorem   0x0000000008005bec      0x116 c:/st/stm32cubeide_1.10.1/stm32cubeide/plugins/com.st.stm32cube.ide.mcu.externaltools.gnu-tools-for-stm32.10.3-2021.10.win32_1.0.0.202111181127/tools/bin/../lib/gcc/arm-none-eabi/10.3.1/../../../../arm-none-eabi/lib/thumb/v7e-m+dp/hard\libc_nano.a(lib_a-dtoa.o)
 *fill*         0x0000000008005d02        0x6 
 .text._dtoa_r  0x0000000008005d08      0xadc c:/st/stm32cubeide_1.10.1/stm32cubeide/plugins/com.st.stm32cube.ide.mcu.externaltools.gnu-tools-for-stm32.10.3-2021.10.win32_1.0.0.202111181127/tools/bin/../lib/gcc/arm-none-eabi/10.3.1/../../../../arm-none-eabi/lib/thumb/v7e-m+dp/hard\libc_nano.a(lib_a-dtoa.o)
                0x0000000008005d08                _dtoa_r
 .text._localeconv_r
                0x00000000080067e4        0x8 c:/st/stm32cubeide_1.10.1/stm32cubeide/plugins/com.st.stm32cube.ide.mcu.externaltools.gnu-tools-for-stm32.10.3-2021.10.win32_1.0.0.202111181127/tools/bin/../lib/gcc/arm-none-eabi/10.3.1/../../../../arm-none-eabi/lib/thumb/v7e-m+dp/hard\libc_nano.a(lib_a-localeconv.o)
                0x00000000080067e4                _localeconv_r
 .text.__malloc_lock
                0x00000000080067ec        0xc c:/st/stm32cubeide_1.10.1/stm32cubeide/plugins/com.st.stm32cube.ide.mcu.externaltools.gnu-tools-for-stm32.10.3-2021.10.win32_1.0.0.202111181127/tools/bin/../lib/gcc/arm-none-eabi/10.3.1/../../../../arm-none-eabi/lib/thumb/v7e-m+dp/hard\libc_nano.a(lib_a-mlock.o)
                0x00000000080067ec                __malloc_lock
 .text.__malloc_unlock
                0x00000000080067f8        0xc c:/st/stm32cubeide_1.10.1/stm32cubeide/plugins/com.st.stm32cube.ide.mcu.externaltools.gnu-tools-for-stm32.10.3-2021.10.win32_1.0.0.202111181127/tools/bin/../lib/gcc/arm-none-eabi/10.3.1/../../../../arm-none-eabi/lib/thumb/v7e-m+dp/hard\libc_nano.a(lib_a-mlock.o)
                0x00000000080067f8                __malloc_unlock
 .text._Balloc  0x0000000008006804       0x80 c:/st/stm32cubeide_1.10.1/stm32cubeide/plugins/com.st.stm32cube.ide.mcu.externaltools.gnu-tools-for-stm32.10.3-2021.10.win32_1.0.0.202111181127/tools/bin/../lib/gcc/arm-none-eabi/10.3.1/../../../../arm-none-eabi/lib/thumb/v7e-m+dp/hard\libc_nano.a(lib_a-mprec.o)
                0x0000000008006804                _Balloc
 .text._Bfree   0x0000000008006884       0x44 c:/st/stm32cubeide_1.10.1/stm32cubeide/plugins/com.st.stm32cube.ide.mcu.externaltools.gnu-tools-for-stm32.10.3-2021.10.win32_1.0.0.202111181127/tools/bin/../lib/gcc/arm-none-eabi/10.3.1/../../../../arm-none-eabi/lib/thumb/v7e-m+dp/hard\libc_nano.a(lib_a-mprec.o)
                0x0000000008006884                _Bfree
 .text.__multadd
                0x00000000080068c8       0x8c c:/st/stm32cubeide_1.10.1/stm32cubeide/plugins/com.st.stm32cube.ide.mcu.externaltools.gnu-tools-for-stm32.10.3-2021.10.win32_1.0.0.202111181127/tools/bin/../lib/gcc/arm-none-eabi/10.3.1/../../../../arm-none-eabi/lib/thumb/v7e-m+dp/hard\libc_nano.a(lib_a-mprec.o)
                0x00000000080068c8                __multadd
 .text.__hi0bits
                0x0000000008006954       0x40 c:/st/stm32cubeide_1.10.1/stm32cubeide/plugins/com.st.stm32cube.ide.mcu.externaltools.gnu-tools-for-stm32.10.3-2021.10.win32_1.0.0.202111181127/tools/bin/../lib/gcc/arm-none-eabi/10.3.1/../../../../arm-none-eabi/lib/thumb/v7e-m+dp/hard\libc_nano.a(lib_a-mprec.o)
                0x0000000008006954                __hi0bits
 .text.__lo0bits
                0x0000000008006994       0x5e c:/st/stm32cubeide_1.10.1/stm32cubeide/plugins/com.st.stm32cube.ide.mcu.externaltools.gnu-tools-for-stm32.10.3-2021.10.win32_1.0.0.202111181127/tools/bin/../lib/gcc/arm-none-eabi/10.3.1/../../../../arm-none-eabi/lib/thumb/v7e-m+dp/hard\libc_nano.a(lib_a-mprec.o)
                0x0000000008006994                __lo0bits
 *fill*         0x00000000080069f2        0x2 
 .text.__i2b    0x00000000080069f4       0x2c c:/st/stm32cubeide_1.10.1/stm32cubeide/plugins/com.st.stm32cube.ide.mcu.externaltools.gnu-tools-for-stm32.10.3-2021.10.win32_1.0.0.202111181127/tools/bin/../lib/gcc/arm-none-eabi/10.3.1/../../../../arm-none-eabi/lib/thumb/v7e-m+dp/hard\libc_nano.a(lib_a-mprec.o)
                0x00000000080069f4                __i2b
 .text.__multiply
                0x0000000008006a20      0x154 c:/st/stm32cubeide_1.10.1/stm32cubeide/plugins/com.st.stm32cube.ide.mcu.externaltools.gnu-tools-for-stm32.10.3-2021.10.win32_1.0.0.202111181127/tools/bin/../lib/gcc/arm-none-eabi/10.3.1/../../../../arm-none-eabi/lib/thumb/v7e-m+dp/hard\libc_nano.a(lib_a-mprec.o)
                0x0000000008006a20                __multiply
 .text.__pow5mult
                0x0000000008006b74       0xb4 c:/st/stm32cubeide_1.10.1/stm32cubeide/plugins/com.st.stm32cube.ide.mcu.externaltools.gnu-tools-for-stm32.10.3-2021.10.win32_1.0.0.202111181127/tools/bin/../lib/gcc/arm-none-eabi/10.3.1/../../../../arm-none-eabi/lib/thumb/v7e-m+dp/hard\libc_nano.a(lib_a-mprec.o)
                0x0000000008006b74                __pow5mult
 .text.__lshift
                0x0000000008006c28       0xe0 c:/st/stm32cubeide_1.10.1/stm32cubeide/plugins/com.st.stm32cube.ide.mcu.externaltools.gnu-tools-for-stm32.10.3-2021.10.win32_1.0.0.202111181127/tools/bin/../lib/gcc/arm-none-eabi/10.3.1/../../../../arm-none-eabi/lib/thumb/v7e-m+dp/hard\libc_nano.a(lib_a-mprec.o)
                0x0000000008006c28                __lshift
 .text.__mcmp   0x0000000008006d08       0x38 c:/st/stm32cubeide_1.10.1/stm32cubeide/plugins/com.st.stm32cube.ide.mcu.externaltools.gnu-tools-for-stm32.10.3-2021.10.win32_1.0.0.202111181127/tools/bin/../lib/gcc/arm-none-eabi/10.3.1/../../../../arm-none-eabi/lib/thumb/v7e-m+dp/hard\libc_nano.a(lib_a-mprec.o)
                0x0000000008006d08                __mcmp
 .text.__mdiff  0x0000000008006d40      0x114 c:/st/stm32cubeide_1.10.1/stm32cubeide/plugins/com.st.stm32cube.ide.mcu.externaltools.gnu-tools-for-stm32.10.3-2021.10.win32_1.0.0.202111181127/tools/bin/../lib/gcc/arm-none-eabi/10.3.1/../../../../arm-none-eabi/lib/thumb/v7e-m+dp/hard\libc_nano.a(lib_a-mprec.o)
                0x0000000008006d40                __mdiff
 .text.__d2b    0x0000000008006e54       0xb8 c:/st/stm32cubeide_1.10.1/stm32cubeide/plugins/com.st.stm32cube.ide.mcu.externaltools.gnu-tools-for-stm32.10.3-2021.10.win32_1.0.0.202111181127/tools/bin/../lib/gcc/arm-none-eabi/10.3.1/../../../../arm-none-eabi/lib/thumb/v7e-m+dp/hard\libc_nano.a(lib_a-mprec.o)
                0x0000000008006e54                __d2b
 .text._calloc_r
                0x0000000008006f0c       0x2c c:/st/stm32cubeide_1.10.1/stm32cubeide/plugins/com.st.stm32cube.ide.mcu.externaltools.gnu-tools-for-stm32.10.3-2021.10.win32_1.0.0.202111181127/tools/bin/../lib/gcc/arm-none-eabi/10.3.1/../../../../arm-none-eabi/lib/thumb/v7e-m+dp/hard\libc_nano.a(lib_a-nano-callocr.o)
                0x0000000008006f0c                _calloc_r
 .text._realloc_r
                0x0000000008006f38       0x5e c:/st/stm32cubeide_1.10.1/stm32cubeide/plugins/com.st.stm32cube.ide.mcu.externaltools.gnu-tools-for-stm32.10.3-2021.10.win32_1.0.0.202111181127/tools/bin/../lib/gcc/arm-none-eabi/10.3.1/../../../../arm-none-eabi/lib/thumb/v7e-m+dp/hard\libc_nano.a(lib_a-nano-reallocr.o)
                0x0000000008006f38                _realloc_r
 .text.__ssputs_r
                0x0000000008006f96       0xb6 c:/st/stm32cubeide_1.10.1/stm32cubeide/plugins/com.st.stm32cube.ide.mcu.externaltools.gnu-tools-for-stm32.10.3-2021.10.win32_1.0.0.202111181127/tools/bin/../lib/gcc/arm-none-eabi/10.3.1/../../../../arm-none-eabi/lib/thumb/v7e-m+dp/hard\libc_nano.a(lib_a-nano-svfprintf.o)
                0x0000000008006f96                __ssputs_r
 .text._svfprintf_r
                0x000000000800704c      0x200 c:/st/stm32cubeide_1.10.1/stm32cubeide/plugins/com.st.stm32cube.ide.mcu.externaltools.gnu-tools-for-stm32.10.3-2021.10.win32_1.0.0.202111181127/tools/bin/../lib/gcc/arm-none-eabi/10.3.1/../../../../arm-none-eabi/lib/thumb/v7e-m+dp/hard\libc_nano.a(lib_a-nano-svfprintf.o)
                0x000000000800704c                _svfiprintf_r
                0x000000000800704c                _svfprintf_r
 .text.__assert_func
                0x000000000800724c       0x3c c:/st/stm32cubeide_1.10.1/stm32cubeide/plugins/com.st.stm32cube.ide.mcu.externaltools.gnu-tools-for-stm32.10.3-2021.10.win32_1.0.0.202111181127/tools/bin/../lib/gcc/arm-none-eabi/10.3.1/../../../../arm-none-eabi/lib/thumb/v7e-m+dp/hard\libc_nano.a(lib_a-assert.o)
                0x000000000800724c                __assert_func
 .text.fprintf  0x0000000008007288       0x24 c:/st/stm32cubeide_1.10.1/stm32cubeide/plugins/com.st.stm32cube.ide.mcu.externaltools.gnu-tools-for-stm32.10.3-2021.10.win32_1.0.0.202111181127/tools/bin/../lib/gcc/arm-none-eabi/10.3.1/../../../../arm-none-eabi/lib/thumb/v7e-m+dp/hard\libc_nano.a(lib_a-fprintf.o)
                0x0000000008007288                fiprintf
                0x0000000008007288                fprintf
 .text.__retarget_lock_init_recursive
                0x00000000080072ac        0x2 c:/st/stm32cubeide_1.10.1/stm32cubeide/plugins/com.st.stm32cube.ide.mcu.externaltools.gnu-tools-for-stm32.10.3-2021.10.win32_1.0.0.202111181127/tools/bin/../lib/gcc/arm-none-eabi/10.3.1/../../../../arm-none-eabi/lib/thumb/v7e-m+dp/hard\libc_nano.a(lib_a-lock.o)
                0x00000000080072ac                __retarget_lock_init_recursive
 .text.__retarget_lock_acquire_recursive
                0x00000000080072ae        0x2 c:/st/stm32cubeide_1.10.1/stm32cubeide/plugins/com.st.stm32cube.ide.mcu.externaltools.gnu-tools-for-stm32.10.3-2021.10.win32_1.0.0.202111181127/tools/bin/../lib/gcc/arm-none-eabi/10.3.1/../../../../arm-none-eabi/lib/thumb/v7e-m+dp/hard\libc_nano.a(lib_a-lock.o)
                0x00000000080072ae                __retarget_lock_acquire_recursive
 .text.__retarget_lock_release_recursive
                0x00000000080072b0        0x2 c:/st/stm32cubeide_1.10.1/stm32cubeide/plugins/com.st.stm32cube.ide.mcu.externaltools.gnu-tools-for-stm32.10.3-2021.10.win32_1.0.0.202111181127/tools/bin/../lib/gcc/arm-none-eabi/10.3.1/../../../../arm-none-eabi/lib/thumb/v7e-m+dp/hard\libc_nano.a(lib_a-lock.o)
                0x00000000080072b0                __retarget_lock_release_recursive
 .text.__ascii_mbtowc
                0x00000000080072b2       0x24 c:/st/stm32cubeide_1.10.1/stm32cubeide/plugins/com.st.stm32cube.ide.mcu.externaltools.gnu-tools-for-stm32.10.3-2021.10.win32_1.0.0.202111181127/tools/bin/../lib/gcc/arm-none-eabi/10.3.1/../../../../arm-none-eabi/lib/thumb/v7e-m+dp/hard\libc_nano.a(lib_a-mbtowc_r.o)
                0x00000000080072b2                __ascii_mbtowc
 .text.memmove  0x00000000080072d6       0x34 c:/st/stm32cubeide_1.10.1/stm32cubeide/plugins/com.st.stm32cube.ide.mcu.externaltools.gnu-tools-for-stm32.10.3-2021.10.win32_1.0.0.202111181127/tools/bin/../lib/gcc/arm-none-eabi/10.3.1/../../../../arm-none-eabi/lib/thumb/v7e-m+dp/hard\libc_nano.a(lib_a-memmove.o)
                0x00000000080072d6                memmove
 .text._malloc_usable_size_r
                0x000000000800730a       0x10 c:/st/stm32cubeide_1.10.1/stm32cubeide/plugins/com.st.stm32cube.ide.mcu.externaltools.gnu-tools-for-stm32.10.3-2021.10.win32_1.0.0.202111181127/tools/bin/../lib/gcc/arm-none-eabi/10.3.1/../../../../arm-none-eabi/lib/thumb/v7e-m+dp/hard\libc_nano.a(lib_a-nano-msizer.o)
                0x000000000800730a                _malloc_usable_size_r
 .text.__sfputc_r
                0x000000000800731a       0x2e c:/st/stm32cubeide_1.10.1/stm32cubeide/plugins/com.st.stm32cube.ide.mcu.externaltools.gnu-tools-for-stm32.10.3-2021.10.win32_1.0.0.202111181127/tools/bin/../lib/gcc/arm-none-eabi/10.3.1/../../../../arm-none-eabi/lib/thumb/v7e-m+dp/hard\libc_nano.a(lib_a-nano-vfprintf.o)
 .text.__sfputs_r
                0x0000000008007348       0x24 c:/st/stm32cubeide_1.10.1/stm32cubeide/plugins/com.st.stm32cube.ide.mcu.externaltools.gnu-tools-for-stm32.10.3-2021.10.win32_1.0.0.202111181127/tools/bin/../lib/gcc/arm-none-eabi/10.3.1/../../../../arm-none-eabi/lib/thumb/v7e-m+dp/hard\libc_nano.a(lib_a-nano-vfprintf.o)
                0x0000000008007348                __sfputs_r
 .text._vfprintf_r
                0x000000000800736c      0x260 c:/st/stm32cubeide_1.10.1/stm32cubeide/plugins/com.st.stm32cube.ide.mcu.externaltools.gnu-tools-for-stm32.10.3-2021.10.win32_1.0.0.202111181127/tools/bin/../lib/gcc/arm-none-eabi/10.3.1/../../../../arm-none-eabi/lib/thumb/v7e-m+dp/hard\libc_nano.a(lib_a-nano-vfprintf.o)
                0x000000000800736c                _vfprintf_r
                0x000000000800736c                _vfiprintf_r
 .text.__swbuf_r
                0x00000000080075cc       0xa4 c:/st/stm32cubeide_1.10.1/stm32cubeide/plugins/com.st.stm32cube.ide.mcu.externaltools.gnu-tools-for-stm32.10.3-2021.10.win32_1.0.0.202111181127/tools/bin/../lib/gcc/arm-none-eabi/10.3.1/../../../../arm-none-eabi/lib/thumb/v7e-m+dp/hard\libc_nano.a(lib_a-wbuf.o)
                0x00000000080075cc                __swbuf_r
 .text.__ascii_wctomb
                0x0000000008007670       0x1a c:/st/stm32cubeide_1.10.1/stm32cubeide/plugins/com.st.stm32cube.ide.mcu.externaltools.gnu-tools-for-stm32.10.3-2021.10.win32_1.0.0.202111181127/tools/bin/../lib/gcc/arm-none-eabi/10.3.1/../../../../arm-none-eabi/lib/thumb/v7e-m+dp/hard\libc_nano.a(lib_a-wctomb_r.o)
                0x0000000008007670                __ascii_wctomb
 *fill*         0x000000000800768a        0x2 
 .text.__swsetup_r
                0x000000000800768c       0xdc c:/st/stm32cubeide_1.10.1/stm32cubeide/plugins/com.st.stm32cube.ide.mcu.externaltools.gnu-tools-for-stm32.10.3-2021.10.win32_1.0.0.202111181127/tools/bin/../lib/gcc/arm-none-eabi/10.3.1/../../../../arm-none-eabi/lib/thumb/v7e-m+dp/hard\libc_nano.a(lib_a-wsetup.o)
                0x000000000800768c                __swsetup_r
 .text.abort    0x0000000008007768        0xe c:/st/stm32cubeide_1.10.1/stm32cubeide/plugins/com.st.stm32cube.ide.mcu.externaltools.gnu-tools-for-stm32.10.3-2021.10.win32_1.0.0.202111181127/tools/bin/../lib/gcc/arm-none-eabi/10.3.1/../../../../arm-none-eabi/lib/thumb/v7e-m+dp/hard\libc_nano.a(lib_a-abort.o)
                0x0000000008007768                abort
 *fill*         0x0000000008007776        0x2 
 .text.__sflush_r
                0x0000000008007778      0x10c c:/st/stm32cubeide_1.10.1/stm32cubeide/plugins/com.st.stm32cube.ide.mcu.externaltools.gnu-tools-for-stm32.10.3-2021.10.win32_1.0.0.202111181127/tools/bin/../lib/gcc/arm-none-eabi/10.3.1/../../../../arm-none-eabi/lib/thumb/v7e-m+dp/hard\libc_nano.a(lib_a-fflush.o)
                0x0000000008007778                __sflush_r
 .text._fflush_r
                0x0000000008007884       0x78 c:/st/stm32cubeide_1.10.1/stm32cubeide/plugins/com.st.stm32cube.ide.mcu.externaltools.gnu-tools-for-stm32.10.3-2021.10.win32_1.0.0.202111181127/tools/bin/../lib/gcc/arm-none-eabi/10.3.1/../../../../arm-none-eabi/lib/thumb/v7e-m+dp/hard\libc_nano.a(lib_a-fflush.o)
                0x0000000008007884                _fflush_r
 .text.std      0x00000000080078fc       0x48 c:/st/stm32cubeide_1.10.1/stm32cubeide/plugins/com.st.stm32cube.ide.mcu.externaltools.gnu-tools-for-stm32.10.3-2021.10.win32_1.0.0.202111181127/tools/bin/../lib/gcc/arm-none-eabi/10.3.1/../../../../arm-none-eabi/lib/thumb/v7e-m+dp/hard\libc_nano.a(lib_a-findfp.o)
 .text._cleanup_r
                0x0000000008007944        0xc c:/st/stm32cubeide_1.10.1/stm32cubeide/plugins/com.st.stm32cube.ide.mcu.externaltools.gnu-tools-for-stm32.10.3-2021.10.win32_1.0.0.202111181127/tools/bin/../lib/gcc/arm-none-eabi/10.3.1/../../../../arm-none-eabi/lib/thumb/v7e-m+dp/hard\libc_nano.a(lib_a-findfp.o)
                0x0000000008007944                _cleanup_r
 .text.__sfmoreglue
                0x0000000008007950       0x2c c:/st/stm32cubeide_1.10.1/stm32cubeide/plugins/com.st.stm32cube.ide.mcu.externaltools.gnu-tools-for-stm32.10.3-2021.10.win32_1.0.0.202111181127/tools/bin/../lib/gcc/arm-none-eabi/10.3.1/../../../../arm-none-eabi/lib/thumb/v7e-m+dp/hard\libc_nano.a(lib_a-findfp.o)
                0x0000000008007950                __sfmoreglue
 .text.__sfp_lock_acquire
                0x000000000800797c        0xc c:/st/stm32cubeide_1.10.1/stm32cubeide/plugins/com.st.stm32cube.ide.mcu.externaltools.gnu-tools-for-stm32.10.3-2021.10.win32_1.0.0.202111181127/tools/bin/../lib/gcc/arm-none-eabi/10.3.1/../../../../arm-none-eabi/lib/thumb/v7e-m+dp/hard\libc_nano.a(lib_a-findfp.o)
                0x000000000800797c                __sfp_lock_acquire
 .text.__sfp_lock_release
                0x0000000008007988        0xc c:/st/stm32cubeide_1.10.1/stm32cubeide/plugins/com.st.stm32cube.ide.mcu.externaltools.gnu-tools-for-stm32.10.3-2021.10.win32_1.0.0.202111181127/tools/bin/../lib/gcc/arm-none-eabi/10.3.1/../../../../arm-none-eabi/lib/thumb/v7e-m+dp/hard\libc_nano.a(lib_a-findfp.o)
                0x0000000008007988                __sfp_lock_release
 .text.__sinit_lock_acquire
                0x0000000008007994        0xc c:/st/stm32cubeide_1.10.1/stm32cubeide/plugins/com.st.stm32cube.ide.mcu.externaltools.gnu-tools-for-stm32.10.3-2021.10.win32_1.0.0.202111181127/tools/bin/../lib/gcc/arm-none-eabi/10.3.1/../../../../arm-none-eabi/lib/thumb/v7e-m+dp/hard\libc_nano.a(lib_a-findfp.o)
                0x0000000008007994                __sinit_lock_acquire
 .text.__sinit_lock_release
                0x00000000080079a0        0xc c:/st/stm32cubeide_1.10.1/stm32cubeide/plugins/com.st.stm32cube.ide.mcu.externaltools.gnu-tools-for-stm32.10.3-2021.10.win32_1.0.0.202111181127/tools/bin/../lib/gcc/arm-none-eabi/10.3.1/../../../../arm-none-eabi/lib/thumb/v7e-m+dp/hard\libc_nano.a(lib_a-findfp.o)
                0x00000000080079a0                __sinit_lock_release
 .text.__sinit  0x00000000080079ac       0x70 c:/st/stm32cubeide_1.10.1/stm32cubeide/plugins/com.st.stm32cube.ide.mcu.externaltools.gnu-tools-for-stm32.10.3-2021.10.win32_1.0.0.202111181127/tools/bin/../lib/gcc/arm-none-eabi/10.3.1/../../../../arm-none-eabi/lib/thumb/v7e-m+dp/hard\libc_nano.a(lib_a-findfp.o)
                0x00000000080079ac                __sinit
 .text.__sfp    0x0000000008007a1c       0x8c c:/st/stm32cubeide_1.10.1/stm32cubeide/plugins/com.st.stm32cube.ide.mcu.externaltools.gnu-tools-for-stm32.10.3-2021.10.win32_1.0.0.202111181127/tools/bin/../lib/gcc/arm-none-eabi/10.3.1/../../../../arm-none-eabi/lib/thumb/v7e-m+dp/hard\libc_nano.a(lib_a-findfp.o)
                0x0000000008007a1c                __sfp
 .text._fwalk_reent
                0x0000000008007aa8       0x3e c:/st/stm32cubeide_1.10.1/stm32cubeide/plugins/com.st.stm32cube.ide.mcu.externaltools.gnu-tools-for-stm32.10.3-2021.10.win32_1.0.0.202111181127/tools/bin/../lib/gcc/arm-none-eabi/10.3.1/../../../../arm-none-eabi/lib/thumb/v7e-m+dp/hard\libc_nano.a(lib_a-fwalk.o)
                0x0000000008007aa8                _fwalk_reent
 .text.__swhatbuf_r
                0x0000000008007ae6       0x4a c:/st/stm32cubeide_1.10.1/stm32cubeide/plugins/com.st.stm32cube.ide.mcu.externaltools.gnu-tools-for-stm32.10.3-2021.10.win32_1.0.0.202111181127/tools/bin/../lib/gcc/arm-none-eabi/10.3.1/../../../../arm-none-eabi/lib/thumb/v7e-m+dp/hard\libc_nano.a(lib_a-makebuf.o)
                0x0000000008007ae6                __swhatbuf_r
 .text.__smakebuf_r
                0x0000000008007b30       0x80 c:/st/stm32cubeide_1.10.1/stm32cubeide/plugins/com.st.stm32cube.ide.mcu.externaltools.gnu-tools-for-stm32.10.3-2021.10.win32_1.0.0.202111181127/tools/bin/../lib/gcc/arm-none-eabi/10.3.1/../../../../arm-none-eabi/lib/thumb/v7e-m+dp/hard\libc_nano.a(lib_a-makebuf.o)
                0x0000000008007b30                __smakebuf_r
 .text._raise_r
                0x0000000008007bb0       0x50 c:/st/stm32cubeide_1.10.1/stm32cubeide/plugins/com.st.stm32cube.ide.mcu.externaltools.gnu-tools-for-stm32.10.3-2021.10.win32_1.0.0.202111181127/tools/bin/../lib/gcc/arm-none-eabi/10.3.1/../../../../arm-none-eabi/lib/thumb/v7e-m+dp/hard\libc_nano.a(lib_a-signal.o)
                0x0000000008007bb0                _raise_r
 .text.raise    0x0000000008007c00       0x10 c:/st/stm32cubeide_1.10.1/stm32cubeide/plugins/com.st.stm32cube.ide.mcu.externaltools.gnu-tools-for-stm32.10.3-2021.10.win32_1.0.0.202111181127/tools/bin/../lib/gcc/arm-none-eabi/10.3.1/../../../../arm-none-eabi/lib/thumb/v7e-m+dp/hard\libc_nano.a(lib_a-signal.o)
                0x0000000008007c00                raise
 .text._kill_r  0x0000000008007c10       0x24 c:/st/stm32cubeide_1.10.1/stm32cubeide/plugins/com.st.stm32cube.ide.mcu.externaltools.gnu-tools-for-stm32.10.3-2021.10.win32_1.0.0.202111181127/tools/bin/../lib/gcc/arm-none-eabi/10.3.1/../../../../arm-none-eabi/lib/thumb/v7e-m+dp/hard\libc_nano.a(lib_a-signalr.o)
                0x0000000008007c10                _kill_r
 .text._getpid_r
                0x0000000008007c34        0x4 c:/st/stm32cubeide_1.10.1/stm32cubeide/plugins/com.st.stm32cube.ide.mcu.externaltools.gnu-tools-for-stm32.10.3-2021.10.win32_1.0.0.202111181127/tools/bin/../lib/gcc/arm-none-eabi/10.3.1/../../../../arm-none-eabi/lib/thumb/v7e-m+dp/hard\libc_nano.a(lib_a-signalr.o)
                0x0000000008007c34                _getpid_r
 .text.__sread  0x0000000008007c38       0x22 c:/st/stm32cubeide_1.10.1/stm32cubeide/plugins/com.st.stm32cube.ide.mcu.externaltools.gnu-tools-for-stm32.10.3-2021.10.win32_1.0.0.202111181127/tools/bin/../lib/gcc/arm-none-eabi/10.3.1/../../../../arm-none-eabi/lib/thumb/v7e-m+dp/hard\libc_nano.a(lib_a-stdio.o)
                0x0000000008007c38                __sread
 .text.__swrite
                0x0000000008007c5a       0x38 c:/st/stm32cubeide_1.10.1/stm32cubeide/plugins/com.st.stm32cube.ide.mcu.externaltools.gnu-tools-for-stm32.10.3-2021.10.win32_1.0.0.202111181127/tools/bin/../lib/gcc/arm-none-eabi/10.3.1/../../../../arm-none-eabi/lib/thumb/v7e-m+dp/hard\libc_nano.a(lib_a-stdio.o)
                0x0000000008007c5a                __swrite
 .text.__sseek  0x0000000008007c92       0x24 c:/st/stm32cubeide_1.10.1/stm32cubeide/plugins/com.st.stm32cube.ide.mcu.externaltools.gnu-tools-for-stm32.10.3-2021.10.win32_1.0.0.202111181127/tools/bin/../lib/gcc/arm-none-eabi/10.3.1/../../../../arm-none-eabi/lib/thumb/v7e-m+dp/hard\libc_nano.a(lib_a-stdio.o)
                0x0000000008007c92                __sseek
 .text.__sclose
                0x0000000008007cb6        0x8 c:/st/stm32cubeide_1.10.1/stm32cubeide/plugins/com.st.stm32cube.ide.mcu.externaltools.gnu-tools-for-stm32.10.3-2021.10.win32_1.0.0.202111181127/tools/bin/../lib/gcc/arm-none-eabi/10.3.1/../../../../arm-none-eabi/lib/thumb/v7e-m+dp/hard\libc_nano.a(lib_a-stdio.o)
                0x0000000008007cb6                __sclose
 *fill*         0x0000000008007cbe        0x2 
 .text._write_r
                0x0000000008007cc0       0x24 c:/st/stm32cubeide_1.10.1/stm32cubeide/plugins/com.st.stm32cube.ide.mcu.externaltools.gnu-tools-for-stm32.10.3-2021.10.win32_1.0.0.202111181127/tools/bin/../lib/gcc/arm-none-eabi/10.3.1/../../../../arm-none-eabi/lib/thumb/v7e-m+dp/hard\libc_nano.a(lib_a-writer.o)
                0x0000000008007cc0                _write_r
 .text._close_r
                0x0000000008007ce4       0x20 c:/st/stm32cubeide_1.10.1/stm32cubeide/plugins/com.st.stm32cube.ide.mcu.externaltools.gnu-tools-for-stm32.10.3-2021.10.win32_1.0.0.202111181127/tools/bin/../lib/gcc/arm-none-eabi/10.3.1/../../../../arm-none-eabi/lib/thumb/v7e-m+dp/hard\libc_nano.a(lib_a-closer.o)
                0x0000000008007ce4                _close_r
 .text._fstat_r
                0x0000000008007d04       0x24 c:/st/stm32cubeide_1.10.1/stm32cubeide/plugins/com.st.stm32cube.ide.mcu.externaltools.gnu-tools-for-stm32.10.3-2021.10.win32_1.0.0.202111181127/tools/bin/../lib/gcc/arm-none-eabi/10.3.1/../../../../arm-none-eabi/lib/thumb/v7e-m+dp/hard\libc_nano.a(lib_a-fstatr.o)
                0x0000000008007d04                _fstat_r
 .text._isatty_r
                0x0000000008007d28       0x20 c:/st/stm32cubeide_1.10.1/stm32cubeide/plugins/com.st.stm32cube.ide.mcu.externaltools.gnu-tools-for-stm32.10.3-2021.10.win32_1.0.0.202111181127/tools/bin/../lib/gcc/arm-none-eabi/10.3.1/../../../../arm-none-eabi/lib/thumb/v7e-m+dp/hard\libc_nano.a(lib_a-isattyr.o)
                0x0000000008007d28                _isatty_r
 .text._lseek_r
                0x0000000008007d48       0x24 c:/st/stm32cubeide_1.10.1/stm32cubeide/plugins/com.st.stm32cube.ide.mcu.externaltools.gnu-tools-for-stm32.10.3-2021.10.win32_1.0.0.202111181127/tools/bin/../lib/gcc/arm-none-eabi/10.3.1/../../../../arm-none-eabi/lib/thumb/v7e-m+dp/hard\libc_nano.a(lib_a-lseekr.o)
                0x0000000008007d48                _lseek_r
 .text._read_r  0x0000000008007d6c       0x24 c:/st/stm32cubeide_1.10.1/stm32cubeide/plugins/com.st.stm32cube.ide.mcu.externaltools.gnu-tools-for-stm32.10.3-2021.10.win32_1.0.0.202111181127/tools/bin/../lib/gcc/arm-none-eabi/10.3.1/../../../../arm-none-eabi/lib/thumb/v7e-m+dp/hard\libc_nano.a(lib_a-readr.o)
                0x0000000008007d6c                _read_r
 .text._close   0x0000000008007d90       0x10 c:/st/stm32cubeide_1.10.1/stm32cubeide/plugins/com.st.stm32cube.ide.mcu.externaltools.gnu-tools-for-stm32.10.3-2021.10.win32_1.0.0.202111181127/tools/bin/../lib/gcc/arm-none-eabi/10.3.1/../../../../arm-none-eabi/lib/thumb/v7e-m+dp/hard\libnosys.a(close.o)
                0x0000000008007d90                _close
 .text._fstat   0x0000000008007da0       0x10 c:/st/stm32cubeide_1.10.1/stm32cubeide/plugins/com.st.stm32cube.ide.mcu.externaltools.gnu-tools-for-stm32.10.3-2021.10.win32_1.0.0.202111181127/tools/bin/../lib/gcc/arm-none-eabi/10.3.1/../../../../arm-none-eabi/lib/thumb/v7e-m+dp/hard\libnosys.a(fstat.o)
                0x0000000008007da0                _fstat
 .text._getpid  0x0000000008007db0       0x10 c:/st/stm32cubeide_1.10.1/stm32cubeide/plugins/com.st.stm32cube.ide.mcu.externaltools.gnu-tools-for-stm32.10.3-2021.10.win32_1.0.0.202111181127/tools/bin/../lib/gcc/arm-none-eabi/10.3.1/../../../../arm-none-eabi/lib/thumb/v7e-m+dp/hard\libnosys.a(getpid.o)
                0x0000000008007db0                _getpid
 .text._isatty  0x0000000008007dc0       0x10 c:/st/stm32cubeide_1.10.1/stm32cubeide/plugins/com.st.stm32cube.ide.mcu.externaltools.gnu-tools-for-stm32.10.3-2021.10.win32_1.0.0.202111181127/tools/bin/../lib/gcc/arm-none-eabi/10.3.1/../../../../arm-none-eabi/lib/thumb/v7e-m+dp/hard\libnosys.a(isatty.o)
                0x0000000008007dc0                _isatty
 .text._kill    0x0000000008007dd0       0x10 c:/st/stm32cubeide_1.10.1/stm32cubeide/plugins/com.st.stm32cube.ide.mcu.externaltools.gnu-tools-for-stm32.10.3-2021.10.win32_1.0.0.202111181127/tools/bin/../lib/gcc/arm-none-eabi/10.3.1/../../../../arm-none-eabi/lib/thumb/v7e-m+dp/hard\libnosys.a(kill.o)
                0x0000000008007dd0                _kill
 .text._lseek   0x0000000008007de0       0x10 c:/st/stm32cubeide_1.10.1/stm32cubeide/plugins/com.st.stm32cube.ide.mcu.externaltools.gnu-tools-for-stm32.10.3-2021.10.win32_1.0.0.202111181127/tools/bin/../lib/gcc/arm-none-eabi/10.3.1/../../../../arm-none-eabi/lib/thumb/v7e-m+dp/hard\libnosys.a(lseek.o)
                0x0000000008007de0                _lseek
 .text._read    0x0000000008007df0       0x10 c:/st/stm32cubeide_1.10.1/stm32cubeide/plugins/com.st.stm32cube.ide.mcu.externaltools.gnu-tools-for-stm32.10.3-2021.10.win32_1.0.0.202111181127/tools/bin/../lib/gcc/arm-none-eabi/10.3.1/../../../../arm-none-eabi/lib/thumb/v7e-m+dp/hard\libnosys.a(read.o)
                0x0000000008007df0                _read
 .text._write   0x0000000008007e00       0x10 c:/st/stm32cubeide_1.10.1/stm32cubeide/plugins/com.st.stm32cube.ide.mcu.externaltools.gnu-tools-for-stm32.10.3-2021.10.win32_1.0.0.202111181127/tools/bin/../lib/gcc/arm-none-eabi/10.3.1/../../../../arm-none-eabi/lib/thumb/v7e-m+dp/hard\libnosys.a(write.o)
                0x0000000008007e00                _write
 .text._exit    0x0000000008007e10        0x2 c:/st/stm32cubeide_1.10.1/stm32cubeide/plugins/com.st.stm32cube.ide.mcu.externaltools.gnu-tools-for-stm32.10.3-2021.10.win32_1.0.0.202111181127/tools/bin/../lib/gcc/arm-none-eabi/10.3.1/../../../../arm-none-eabi/lib/thumb/v7e-m+dp/hard\libnosys.a(_exit.o)
                0x0000000008007e10                _exit
 *(.glue_7)
 .glue_7        0x0000000008007e12        0x0 linker stubs
 *(.glue_7t)
 .glue_7t       0x0000000008007e12        0x0 linker stubs
 *(.eh_frame)
 *fill*         0x0000000008007e12        0x2 
 .eh_frame      0x0000000008007e14        0x0 c:/st/stm32cubeide_1.10.1/stm32cubeide/plugins/com.st.stm32cube.ide.mcu.externaltools.gnu-tools-for-stm32.10.3-2021.10.win32_1.0.0.202111181127/tools/bin/../lib/gcc/arm-none-eabi/10.3.1/thumb/v7e-m+dp/hard/crtbegin.o
 *(.init)
 .init          0x0000000008007e14        0x4 c:/st/stm32cubeide_1.10.1/stm32cubeide/plugins/com.st.stm32cube.ide.mcu.externaltools.gnu-tools-for-stm32.10.3-2021.10.win32_1.0.0.202111181127/tools/bin/../lib/gcc/arm-none-eabi/10.3.1/thumb/v7e-m+dp/hard/crti.o
                0x0000000008007e14                _init
 .init          0x0000000008007e18        0x8 c:/st/stm32cubeide_1.10.1/stm32cubeide/plugins/com.st.stm32cube.ide.mcu.externaltools.gnu-tools-for-stm32.10.3-2021.10.win32_1.0.0.202111181127/tools/bin/../lib/gcc/arm-none-eabi/10.3.1/thumb/v7e-m+dp/hard/crtn.o
 *(.fini)
 .fini          0x0000000008007e20        0x4 c:/st/stm32cubeide_1.10.1/stm32cubeide/plugins/com.st.stm32cube.ide.mcu.externaltools.gnu-tools-for-stm32.10.3-2021.10.win32_1.0.0.202111181127/tools/bin/../lib/gcc/arm-none-eabi/10.3.1/thumb/v7e-m+dp/hard/crti.o
                0x0000000008007e20                _fini
 .fini          0x0000000008007e24        0x8 c:/st/stm32cubeide_1.10.1/stm32cubeide/plugins/com.st.stm32cube.ide.mcu.externaltools.gnu-tools-for-stm32.10.3-2021.10.win32_1.0.0.202111181127/tools/bin/../lib/gcc/arm-none-eabi/10.3.1/thumb/v7e-m+dp/hard/crtn.o
                0x0000000008007e2c                . = ALIGN (0x4)
                0x0000000008007e2c                _etext = .

.vfp11_veneer   0x0000000008007e2c        0x0
 .vfp11_veneer  0x0000000008007e2c        0x0 linker stubs

.v4_bx          0x0000000008007e2c        0x0
 .v4_bx         0x0000000008007e2c        0x0 linker stubs

.iplt           0x0000000008007e2c        0x0
 .iplt          0x0000000008007e2c        0x0 c:/st/stm32cubeide_1.10.1/stm32cubeide/plugins/com.st.stm32cube.ide.mcu.externaltools.gnu-tools-for-stm32.10.3-2021.10.win32_1.0.0.202111181127/tools/bin/../lib/gcc/arm-none-eabi/10.3.1/thumb/v7e-m+dp/hard/crtbegin.o

.rodata         0x0000000008007e40      0xa74
                0x0000000008007e40                . = ALIGN (0x4)
 *(.rodata)
 .rodata        0x0000000008007e40       0x10 ./X-CUBE-AI/App/sine_model_data.o
 .rodata        0x0000000008007e50       0x10 ../Middlewares/ST/AI/Lib\NetworkRuntime720_CM7_GCC.a(ai_platform_interface.o)
 *(.rodata*)
 .rodata.main.str1.1
                0x0000000008007e60       0x9e ./Core/Src/main.o
 .rodata.AHBPrescTable
                0x0000000008007efe       0x10 ./Core/Src/system_stm32f7xx.o
                0x0000000008007efe                AHBPrescTable
 .rodata.APBPrescTable
                0x0000000008007f0e        0x8 ./Core/Src/system_stm32f7xx.o
                0x0000000008007f0e                APBPrescTable
 .rodata.CSWTCH.54
                0x0000000008007f16        0x3 ./Drivers/STM32F7xx_HAL_Driver/Src/stm32f7xx_hal_uart.o
 .rodata.CSWTCH.55
                0x0000000008007f19        0xd ./Drivers/STM32F7xx_HAL_Driver/Src/stm32f7xx_hal_uart.o
 .rodata.ai_sine_model_get_info.str1.1
                0x0000000008007f26       0x5a ./X-CUBE-AI/App/sine_model.o
                                         0x5b (size before relaxing)
 .rodata.dense_0_chain
                0x0000000008007f80        0x8 ./X-CUBE-AI/App/sine_model.o
 .rodata.dense_1_chain
                0x0000000008007f88        0x8 ./X-CUBE-AI/App/sine_model.o
 .rodata.dense_2_chain
                0x0000000008007f90        0x8 ./X-CUBE-AI/App/sine_model.o
 .rodata.nl_0_nl_chain
                0x0000000008007f98        0x8 ./X-CUBE-AI/App/sine_model.o
 .rodata.nl_1_nl_chain
                0x0000000008007fa0        0x8 ./X-CUBE-AI/App/sine_model.o
 *fill*         0x0000000008007fa8       0x18 
 .rodata.s_sine_model_weights_array_u64
                0x0000000008007fc0      0x508 ./X-CUBE-AI/App/sine_model_data_params.o
                0x0000000008007fc0                s_sine_model_weights_array_u64
 .rodata.ai_platform_runtime_get_revision.str1.4
                0x00000000080084c8        0x1 ../Middlewares/ST/AI/Lib\NetworkRuntime720_CM7_GCC.a(ai_platform_interface.o)
 *fill*         0x00000000080084c9        0x3 
 .rodata.v.0    0x00000000080084cc        0x4 ../Middlewares/ST/AI/Lib\NetworkRuntime720_CM7_GCC.a(ai_platform_interface.o)
 .rodata.v.1    0x00000000080084d0        0x4 ../Middlewares/ST/AI/Lib\NetworkRuntime720_CM7_GCC.a(ai_platform_interface.o)
 .rodata.v.2    0x00000000080084d4        0x4 ../Middlewares/ST/AI/Lib\NetworkRuntime720_CM7_GCC.a(ai_platform_interface.o)
 .rodata._global_impure_ptr
                0x00000000080084d8        0x4 c:/st/stm32cubeide_1.10.1/stm32cubeide/plugins/com.st.stm32cube.ide.mcu.externaltools.gnu-tools-for-stm32.10.3-2021.10.win32_1.0.0.202111181127/tools/bin/../lib/gcc/arm-none-eabi/10.3.1/../../../../arm-none-eabi/lib/thumb/v7e-m+dp/hard\libc_nano.a(lib_a-impure.o)
                0x00000000080084d8                _global_impure_ptr
 .rodata._printf_float.str1.1
                0x00000000080084dc       0x12 c:/st/stm32cubeide_1.10.1/stm32cubeide/plugins/com.st.stm32cube.ide.mcu.externaltools.gnu-tools-for-stm32.10.3-2021.10.win32_1.0.0.202111181127/tools/bin/../lib/gcc/arm-none-eabi/10.3.1/../../../../arm-none-eabi/lib/thumb/v7e-m+dp/hard\libc_nano.a(lib_a-nano-vfprintf_float.o)
 .rodata._printf_i.str1.1
                0x00000000080084ee       0x22 c:/st/stm32cubeide_1.10.1/stm32cubeide/plugins/com.st.stm32cube.ide.mcu.externaltools.gnu-tools-for-stm32.10.3-2021.10.win32_1.0.0.202111181127/tools/bin/../lib/gcc/arm-none-eabi/10.3.1/../../../../arm-none-eabi/lib/thumb/v7e-m+dp/hard\libc_nano.a(lib_a-nano-vfprintf_i.o)
 .rodata._dtoa_r.str1.1
                0x0000000008008510       0x90 c:/st/stm32cubeide_1.10.1/stm32cubeide/plugins/com.st.stm32cube.ide.mcu.externaltools.gnu-tools-for-stm32.10.3-2021.10.win32_1.0.0.202111181127/tools/bin/../lib/gcc/arm-none-eabi/10.3.1/../../../../arm-none-eabi/lib/thumb/v7e-m+dp/hard\libc_nano.a(lib_a-dtoa.o)
                                         0x92 (size before relaxing)
 .rodata._Balloc.str1.1
                0x00000000080085a0       0x5c c:/st/stm32cubeide_1.10.1/stm32cubeide/plugins/com.st.stm32cube.ide.mcu.externaltools.gnu-tools-for-stm32.10.3-2021.10.win32_1.0.0.202111181127/tools/bin/../lib/gcc/arm-none-eabi/10.3.1/../../../../arm-none-eabi/lib/thumb/v7e-m+dp/hard\libc_nano.a(lib_a-mprec.o)
                                         0x73 (size before relaxing)
 .rodata.__multadd.str1.1
                0x00000000080085fc       0x11 c:/st/stm32cubeide_1.10.1/stm32cubeide/plugins/com.st.stm32cube.ide.mcu.externaltools.gnu-tools-for-stm32.10.3-2021.10.win32_1.0.0.202111181127/tools/bin/../lib/gcc/arm-none-eabi/10.3.1/../../../../arm-none-eabi/lib/thumb/v7e-m+dp/hard\libc_nano.a(lib_a-mprec.o)
 *fill*         0x00000000080085fc        0x4 
 .rodata.__mprec_bigtens
                0x0000000008008600       0x28 c:/st/stm32cubeide_1.10.1/stm32cubeide/plugins/com.st.stm32cube.ide.mcu.externaltools.gnu-tools-for-stm32.10.3-2021.10.win32_1.0.0.202111181127/tools/bin/../lib/gcc/arm-none-eabi/10.3.1/../../../../arm-none-eabi/lib/thumb/v7e-m+dp/hard\libc_nano.a(lib_a-mprec.o)
                0x0000000008008600                __mprec_bigtens
 .rodata.__mprec_tens
                0x0000000008008628       0xc8 c:/st/stm32cubeide_1.10.1/stm32cubeide/plugins/com.st.stm32cube.ide.mcu.externaltools.gnu-tools-for-stm32.10.3-2021.10.win32_1.0.0.202111181127/tools/bin/../lib/gcc/arm-none-eabi/10.3.1/../../../../arm-none-eabi/lib/thumb/v7e-m+dp/hard\libc_nano.a(lib_a-mprec.o)
                0x0000000008008628                __mprec_tens
 .rodata.p05.0  0x00000000080086f0        0xc c:/st/stm32cubeide_1.10.1/stm32cubeide/plugins/com.st.stm32cube.ide.mcu.externaltools.gnu-tools-for-stm32.10.3-2021.10.win32_1.0.0.202111181127/tools/bin/../lib/gcc/arm-none-eabi/10.3.1/../../../../arm-none-eabi/lib/thumb/v7e-m+dp/hard\libc_nano.a(lib_a-mprec.o)
 .rodata._svfprintf_r.str1.1
                0x00000000080086fc       0x11 c:/st/stm32cubeide_1.10.1/stm32cubeide/plugins/com.st.stm32cube.ide.mcu.externaltools.gnu-tools-for-stm32.10.3-2021.10.win32_1.0.0.202111181127/tools/bin/../lib/gcc/arm-none-eabi/10.3.1/../../../../arm-none-eabi/lib/thumb/v7e-m+dp/hard\libc_nano.a(lib_a-nano-svfprintf.o)
 .rodata.__assert_func.str1.1
                0x000000000800870d       0x3c c:/st/stm32cubeide_1.10.1/stm32cubeide/plugins/com.st.stm32cube.ide.mcu.externaltools.gnu-tools-for-stm32.10.3-2021.10.win32_1.0.0.202111181127/tools/bin/../lib/gcc/arm-none-eabi/10.3.1/../../../../arm-none-eabi/lib/thumb/v7e-m+dp/hard\libc_nano.a(lib_a-assert.o)
                                         0x3d (size before relaxing)
 .rodata._setlocale_r.str1.1
                0x0000000008008749        0x8 c:/st/stm32cubeide_1.10.1/stm32cubeide/plugins/com.st.stm32cube.ide.mcu.externaltools.gnu-tools-for-stm32.10.3-2021.10.win32_1.0.0.202111181127/tools/bin/../lib/gcc/arm-none-eabi/10.3.1/../../../../arm-none-eabi/lib/thumb/v7e-m+dp/hard\libc_nano.a(lib_a-locale.o)
                                          0x9 (size before relaxing)
 .rodata.str1.1
                0x0000000008008751        0x2 c:/st/stm32cubeide_1.10.1/stm32cubeide/plugins/com.st.stm32cube.ide.mcu.externaltools.gnu-tools-for-stm32.10.3-2021.10.win32_1.0.0.202111181127/tools/bin/../lib/gcc/arm-none-eabi/10.3.1/../../../../arm-none-eabi/lib/thumb/v7e-m+dp/hard\libc_nano.a(lib_a-locale.o)
 .rodata._vfprintf_r.str1.1
                0x0000000008008753       0x11 c:/st/stm32cubeide_1.10.1/stm32cubeide/plugins/com.st.stm32cube.ide.mcu.externaltools.gnu-tools-for-stm32.10.3-2021.10.win32_1.0.0.202111181127/tools/bin/../lib/gcc/arm-none-eabi/10.3.1/../../../../arm-none-eabi/lib/thumb/v7e-m+dp/hard\libc_nano.a(lib_a-nano-vfprintf.o)
 .rodata._ctype_
                0x0000000008008753      0x101 c:/st/stm32cubeide_1.10.1/stm32cubeide/plugins/com.st.stm32cube.ide.mcu.externaltools.gnu-tools-for-stm32.10.3-2021.10.win32_1.0.0.202111181127/tools/bin/../lib/gcc/arm-none-eabi/10.3.1/../../../../arm-none-eabi/lib/thumb/v7e-m+dp/hard\libc_nano.a(lib_a-ctype_.o)
                0x0000000008008753                _ctype_
 .rodata.__sf_fake_stderr
                0x0000000008008854       0x20 c:/st/stm32cubeide_1.10.1/stm32cubeide/plugins/com.st.stm32cube.ide.mcu.externaltools.gnu-tools-for-stm32.10.3-2021.10.win32_1.0.0.202111181127/tools/bin/../lib/gcc/arm-none-eabi/10.3.1/../../../../arm-none-eabi/lib/thumb/v7e-m+dp/hard\libc_nano.a(lib_a-findfp.o)
                0x0000000008008854                __sf_fake_stderr
 .rodata.__sf_fake_stdin
                0x0000000008008874       0x20 c:/st/stm32cubeide_1.10.1/stm32cubeide/plugins/com.st.stm32cube.ide.mcu.externaltools.gnu-tools-for-stm32.10.3-2021.10.win32_1.0.0.202111181127/tools/bin/../lib/gcc/arm-none-eabi/10.3.1/../../../../arm-none-eabi/lib/thumb/v7e-m+dp/hard\libc_nano.a(lib_a-findfp.o)
                0x0000000008008874                __sf_fake_stdin
 .rodata.__sf_fake_stdout
                0x0000000008008894       0x20 c:/st/stm32cubeide_1.10.1/stm32cubeide/plugins/com.st.stm32cube.ide.mcu.externaltools.gnu-tools-for-stm32.10.3-2021.10.win32_1.0.0.202111181127/tools/bin/../lib/gcc/arm-none-eabi/10.3.1/../../../../arm-none-eabi/lib/thumb/v7e-m+dp/hard\libc_nano.a(lib_a-findfp.o)
                0x0000000008008894                __sf_fake_stdout
                0x00000000080088b4                . = ALIGN (0x4)

.ARM.extab      0x00000000080088b4        0x0
                0x00000000080088b4                . = ALIGN (0x4)
 *(.ARM.extab* .gnu.linkonce.armextab.*)
                0x00000000080088b4                . = ALIGN (0x4)

.ARM            0x00000000080088b4        0x8
                0x00000000080088b4                . = ALIGN (0x4)
                0x00000000080088b4                __exidx_start = .
 *(.ARM.exidx*)
 .ARM.exidx     0x00000000080088b4        0x8 c:/st/stm32cubeide_1.10.1/stm32cubeide/plugins/com.st.stm32cube.ide.mcu.externaltools.gnu-tools-for-stm32.10.3-2021.10.win32_1.0.0.202111181127/tools/bin/../lib/gcc/arm-none-eabi/10.3.1/thumb/v7e-m+dp/hard\libgcc.a(_udivmoddi4.o)
                0x00000000080088bc                __exidx_end = .
                0x00000000080088bc                . = ALIGN (0x4)

.rel.dyn        0x00000000080088bc        0x0
 .rel.iplt      0x00000000080088bc        0x0 c:/st/stm32cubeide_1.10.1/stm32cubeide/plugins/com.st.stm32cube.ide.mcu.externaltools.gnu-tools-for-stm32.10.3-2021.10.win32_1.0.0.202111181127/tools/bin/../lib/gcc/arm-none-eabi/10.3.1/thumb/v7e-m+dp/hard/crtbegin.o

.preinit_array  0x00000000080088bc        0x0
                0x00000000080088bc                . = ALIGN (0x4)
                0x00000000080088bc                PROVIDE (__preinit_array_start = .)
 *(.preinit_array*)
                0x00000000080088bc                PROVIDE (__preinit_array_end = .)
                0x00000000080088bc                . = ALIGN (0x4)

.init_array     0x00000000080088bc        0x4
                0x00000000080088bc                . = ALIGN (0x4)
                0x00000000080088bc                PROVIDE (__init_array_start = .)
 *(SORT_BY_NAME(.init_array.*))
 *(.init_array*)
 .init_array    0x00000000080088bc        0x4 c:/st/stm32cubeide_1.10.1/stm32cubeide/plugins/com.st.stm32cube.ide.mcu.externaltools.gnu-tools-for-stm32.10.3-2021.10.win32_1.0.0.202111181127/tools/bin/../lib/gcc/arm-none-eabi/10.3.1/thumb/v7e-m+dp/hard/crtbegin.o
                0x00000000080088c0                PROVIDE (__init_array_end = .)
                0x00000000080088c0                . = ALIGN (0x4)

.fini_array     0x00000000080088c0        0x4
                0x00000000080088c0                . = ALIGN (0x4)
                [!provide]                        PROVIDE (__fini_array_start = .)
 *(SORT_BY_NAME(.fini_array.*))
 *(.fini_array*)
 .fini_array    0x00000000080088c0        0x4 c:/st/stm32cubeide_1.10.1/stm32cubeide/plugins/com.st.stm32cube.ide.mcu.externaltools.gnu-tools-for-stm32.10.3-2021.10.win32_1.0.0.202111181127/tools/bin/../lib/gcc/arm-none-eabi/10.3.1/thumb/v7e-m+dp/hard/crtbegin.o
                [!provide]                        PROVIDE (__fini_array_end = .)
                0x00000000080088c4                . = ALIGN (0x4)
                0x00000000080088c4                _sidata = LOADADDR (.data)

.data           0x0000000020000000      0x864 load address 0x00000000080088c4
                0x0000000020000000                . = ALIGN (0x4)
                0x0000000020000000                _sdata = .
 *(.data)
 *(.data*)
 .data.SystemCoreClock
                0x0000000020000000        0x4 ./Core/Src/system_stm32f7xx.o
                0x0000000020000000                SystemCoreClock
 .data.uwTickFreq
                0x0000000020000004        0x1 ./Drivers/STM32F7xx_HAL_Driver/Src/stm32f7xx_hal.o
                0x0000000020000004                uwTickFreq
 *fill*         0x0000000020000005        0x3 
 .data.uwTickPrio
                0x0000000020000008        0x4 ./Drivers/STM32F7xx_HAL_Driver/Src/stm32f7xx_hal.o
                0x0000000020000008                uwTickPrio
 .data.__compound_literal.0
                0x000000002000000c       0x10 ./X-CUBE-AI/App/sine_model.o
 .data.__compound_literal.1
                0x000000002000001c       0x10 ./X-CUBE-AI/App/sine_model.o
 .data.__compound_literal.10
                0x000000002000002c       0x10 ./X-CUBE-AI/App/sine_model.o
 .data.__compound_literal.11
                0x000000002000003c       0x10 ./X-CUBE-AI/App/sine_model.o
 .data.__compound_literal.12
                0x000000002000004c       0x10 ./X-CUBE-AI/App/sine_model.o
 .data.__compound_literal.13
                0x000000002000005c       0x10 ./X-CUBE-AI/App/sine_model.o
 .data.__compound_literal.14
                0x000000002000006c       0x10 ./X-CUBE-AI/App/sine_model.o
 .data.__compound_literal.15
                0x000000002000007c       0x10 ./X-CUBE-AI/App/sine_model.o
 .data.__compound_literal.16
                0x000000002000008c       0x10 ./X-CUBE-AI/App/sine_model.o
 .data.__compound_literal.17
                0x000000002000009c       0x10 ./X-CUBE-AI/App/sine_model.o
 .data.__compound_literal.18
                0x00000000200000ac       0x10 ./X-CUBE-AI/App/sine_model.o
 .data.__compound_literal.19
                0x00000000200000bc       0x10 ./X-CUBE-AI/App/sine_model.o
 .data.__compound_literal.2
                0x00000000200000cc       0x10 ./X-CUBE-AI/App/sine_model.o
 .data.__compound_literal.20
                0x00000000200000dc       0x10 ./X-CUBE-AI/App/sine_model.o
 .data.__compound_literal.21
                0x00000000200000ec       0x10 ./X-CUBE-AI/App/sine_model.o
 .data.__compound_literal.22
                0x00000000200000fc       0x10 ./X-CUBE-AI/App/sine_model.o
 .data.__compound_literal.23
                0x000000002000010c       0x10 ./X-CUBE-AI/App/sine_model.o
 .data.__compound_literal.24
                0x000000002000011c        0x4 ./X-CUBE-AI/App/sine_model.o
 .data.__compound_literal.25
                0x0000000020000120        0x4 ./X-CUBE-AI/App/sine_model.o
 .data.__compound_literal.26
                0x0000000020000124        0x8 ./X-CUBE-AI/App/sine_model.o
 .data.__compound_literal.28
                0x000000002000012c       0x30 ./X-CUBE-AI/App/sine_model.o
 .data.__compound_literal.29
                0x000000002000015c        0x4 ./X-CUBE-AI/App/sine_model.o
 .data.__compound_literal.3
                0x0000000020000160       0x10 ./X-CUBE-AI/App/sine_model.o
 .data.__compound_literal.30
                0x0000000020000170        0x4 ./X-CUBE-AI/App/sine_model.o
 .data.__compound_literal.33
                0x0000000020000174       0x30 ./X-CUBE-AI/App/sine_model.o
 .data.__compound_literal.34
                0x00000000200001a4        0x4 ./X-CUBE-AI/App/sine_model.o
 .data.__compound_literal.35
                0x00000000200001a8        0x4 ./X-CUBE-AI/App/sine_model.o
 .data.__compound_literal.36
                0x00000000200001ac        0x8 ./X-CUBE-AI/App/sine_model.o
 .data.__compound_literal.38
                0x00000000200001b4       0x30 ./X-CUBE-AI/App/sine_model.o
 .data.__compound_literal.39
                0x00000000200001e4        0x4 ./X-CUBE-AI/App/sine_model.o
 .data.__compound_literal.4
                0x00000000200001e8       0x10 ./X-CUBE-AI/App/sine_model.o
 .data.__compound_literal.40
                0x00000000200001f8        0x4 ./X-CUBE-AI/App/sine_model.o
 .data.__compound_literal.43
                0x00000000200001fc       0x30 ./X-CUBE-AI/App/sine_model.o
 .data.__compound_literal.44
                0x000000002000022c        0x4 ./X-CUBE-AI/App/sine_model.o
 .data.__compound_literal.45
                0x0000000020000230        0x4 ./X-CUBE-AI/App/sine_model.o
 .data.__compound_literal.46
                0x0000000020000234        0x8 ./X-CUBE-AI/App/sine_model.o
 .data.__compound_literal.48
                0x000000002000023c       0x30 ./X-CUBE-AI/App/sine_model.o
 .data.__compound_literal.49
                0x000000002000026c       0x10 ./X-CUBE-AI/App/sine_model.o
 .data.__compound_literal.5
                0x000000002000027c       0x10 ./X-CUBE-AI/App/sine_model.o
 .data.__compound_literal.50
                0x000000002000028c       0x1c ./X-CUBE-AI/App/sine_model.o
 .data.__compound_literal.51
                0x00000000200002a8       0x10 ./X-CUBE-AI/App/sine_model.o
 .data.__compound_literal.52
                0x00000000200002b8       0x1c ./X-CUBE-AI/App/sine_model.o
 .data.__compound_literal.53
                0x00000000200002d4        0x4 ./X-CUBE-AI/App/sine_model.o
 .data.__compound_literal.57
                0x00000000200002d8        0xc ./X-CUBE-AI/App/sine_model.o
 .data.__compound_literal.58
                0x00000000200002e4        0x4 ./X-CUBE-AI/App/sine_model.o
 .data.__compound_literal.6
                0x00000000200002e8       0x10 ./X-CUBE-AI/App/sine_model.o
 .data.__compound_literal.62
                0x00000000200002f8        0xc ./X-CUBE-AI/App/sine_model.o
 .data.__compound_literal.63
                0x0000000020000304       0x18 ./X-CUBE-AI/App/sine_model.o
 .data.__compound_literal.7
                0x000000002000031c       0x10 ./X-CUBE-AI/App/sine_model.o
 .data.__compound_literal.8
                0x000000002000032c       0x10 ./X-CUBE-AI/App/sine_model.o
 .data.__compound_literal.9
                0x000000002000033c       0x10 ./X-CUBE-AI/App/sine_model.o
 .data.dense_0_bias
                0x000000002000034c       0x1c ./X-CUBE-AI/App/sine_model.o
 .data.dense_0_bias_array
                0x0000000020000368       0x10 ./X-CUBE-AI/App/sine_model.o
 .data.dense_0_layer
                0x0000000020000378       0x1c ./X-CUBE-AI/App/sine_model.o
 .data.dense_0_output
                0x0000000020000394       0x1c ./X-CUBE-AI/App/sine_model.o
 .data.dense_0_output_array
                0x00000000200003b0       0x10 ./X-CUBE-AI/App/sine_model.o
 .data.dense_0_weights
                0x00000000200003c0       0x1c ./X-CUBE-AI/App/sine_model.o
 .data.dense_0_weights_array
                0x00000000200003dc       0x10 ./X-CUBE-AI/App/sine_model.o
 .data.dense_1_bias
                0x00000000200003ec       0x1c ./X-CUBE-AI/App/sine_model.o
 .data.dense_1_bias_array
                0x0000000020000408       0x10 ./X-CUBE-AI/App/sine_model.o
 .data.dense_1_layer
                0x0000000020000418       0x1c ./X-CUBE-AI/App/sine_model.o
 .data.dense_1_output
                0x0000000020000434       0x1c ./X-CUBE-AI/App/sine_model.o
 .data.dense_1_output_array
                0x0000000020000450       0x10 ./X-CUBE-AI/App/sine_model.o
 .data.dense_1_weights
                0x0000000020000460       0x1c ./X-CUBE-AI/App/sine_model.o
 .data.dense_1_weights_array
                0x000000002000047c       0x10 ./X-CUBE-AI/App/sine_model.o
 .data.dense_2_bias
                0x000000002000048c       0x1c ./X-CUBE-AI/App/sine_model.o
 .data.dense_2_bias_array
                0x00000000200004a8       0x10 ./X-CUBE-AI/App/sine_model.o
 .data.dense_2_layer
                0x00000000200004b8       0x1c ./X-CUBE-AI/App/sine_model.o
 .data.dense_2_output
                0x00000000200004d4       0x1c ./X-CUBE-AI/App/sine_model.o
 .data.dense_2_output_array
                0x00000000200004f0       0x10 ./X-CUBE-AI/App/sine_model.o
 .data.dense_2_weights
                0x0000000020000500       0x1c ./X-CUBE-AI/App/sine_model.o
 .data.dense_2_weights_array
                0x000000002000051c       0x10 ./X-CUBE-AI/App/sine_model.o
 .data.g_sine_model
                0x000000002000052c       0x4c ./X-CUBE-AI/App/sine_model.o
 .data.nl_0_nl_layer
                0x0000000020000578       0x20 ./X-CUBE-AI/App/sine_model.o
 .data.nl_0_nl_output
                0x0000000020000598       0x1c ./X-CUBE-AI/App/sine_model.o
 .data.nl_0_nl_output_array
                0x00000000200005b4       0x10 ./X-CUBE-AI/App/sine_model.o
 .data.nl_1_nl_layer
                0x00000000200005c4       0x20 ./X-CUBE-AI/App/sine_model.o
 .data.nl_1_nl_output
                0x00000000200005e4       0x1c ./X-CUBE-AI/App/sine_model.o
 .data.nl_1_nl_output_array
                0x0000000020000600       0x10 ./X-CUBE-AI/App/sine_model.o
 .data.serving_default_dense_input0_output
                0x0000000020000610       0x1c ./X-CUBE-AI/App/sine_model.o
 .data.serving_default_dense_input0_output_array
                0x000000002000062c       0x10 ./X-CUBE-AI/App/sine_model.o
 .data.__compound_literal.0
                0x000000002000063c       0x10 ./X-CUBE-AI/App/sine_model_data.o
 .data.__compound_literal.1
                0x000000002000064c       0x10 ./X-CUBE-AI/App/sine_model_data.o
 .data.g_sine_model_data_map_activations
                0x000000002000065c       0x1c ./X-CUBE-AI/App/sine_model_data.o
                0x000000002000065c                g_sine_model_data_map_activations
 .data.g_sine_model_data_map_weights
                0x0000000020000678       0x1c ./X-CUBE-AI/App/sine_model_data.o
                0x0000000020000678                g_sine_model_data_map_weights
 .data._impure_ptr
                0x0000000020000694        0x4 c:/st/stm32cubeide_1.10.1/stm32cubeide/plugins/com.st.stm32cube.ide.mcu.externaltools.gnu-tools-for-stm32.10.3-2021.10.win32_1.0.0.202111181127/tools/bin/../lib/gcc/arm-none-eabi/10.3.1/../../../../arm-none-eabi/lib/thumb/v7e-m+dp/hard\libc_nano.a(lib_a-impure.o)
                0x0000000020000694                _impure_ptr
 .data.impure_data
                0x0000000020000698       0x60 c:/st/stm32cubeide_1.10.1/stm32cubeide/plugins/com.st.stm32cube.ide.mcu.externaltools.gnu-tools-for-stm32.10.3-2021.10.win32_1.0.0.202111181127/tools/bin/../lib/gcc/arm-none-eabi/10.3.1/../../../../arm-none-eabi/lib/thumb/v7e-m+dp/hard\libc_nano.a(lib_a-impure.o)
 .data.__global_locale
                0x00000000200006f8      0x16c c:/st/stm32cubeide_1.10.1/stm32cubeide/plugins/com.st.stm32cube.ide.mcu.externaltools.gnu-tools-for-stm32.10.3-2021.10.win32_1.0.0.202111181127/tools/bin/../lib/gcc/arm-none-eabi/10.3.1/../../../../arm-none-eabi/lib/thumb/v7e-m+dp/hard\libc_nano.a(lib_a-locale.o)
                0x00000000200006f8                __global_locale
 *(.RamFunc)
 *(.RamFunc*)
                0x0000000020000864                . = ALIGN (0x4)
                0x0000000020000864                _edata = .

.igot.plt       0x0000000020000864        0x0 load address 0x0000000008009128
 .igot.plt      0x0000000020000864        0x0 c:/st/stm32cubeide_1.10.1/stm32cubeide/plugins/com.st.stm32cube.ide.mcu.externaltools.gnu-tools-for-stm32.10.3-2021.10.win32_1.0.0.202111181127/tools/bin/../lib/gcc/arm-none-eabi/10.3.1/thumb/v7e-m+dp/hard/crtbegin.o
                0x0000000020000864                . = ALIGN (0x4)

.bss            0x0000000020000864      0x178 load address 0x0000000008009128
                0x0000000020000864                _sbss = .
                0x0000000020000864                __bss_start__ = _sbss
 *(.bss)
 .bss           0x0000000020000864       0x1c c:/st/stm32cubeide_1.10.1/stm32cubeide/plugins/com.st.stm32cube.ide.mcu.externaltools.gnu-tools-for-stm32.10.3-2021.10.win32_1.0.0.202111181127/tools/bin/../lib/gcc/arm-none-eabi/10.3.1/thumb/v7e-m+dp/hard/crtbegin.o
 *(.bss*)
 .bss.hcrc      0x0000000020000880       0x24 ./Core/Src/crc.o
                0x0000000020000880                hcrc
 .bss.in_data   0x00000000200008a4        0x4 ./Core/Src/main.o
                0x00000000200008a4                in_data
 .bss.out_data  0x00000000200008a8        0x4 ./Core/Src/main.o
                0x00000000200008a8                out_data
 .bss.y_val     0x00000000200008ac        0x4 ./Core/Src/main.o
                0x00000000200008ac                y_val
 .bss.__sbrk_heap_end
                0x00000000200008b0        0x4 ./Core/Src/sysmem.o
 .bss.huart3    0x00000000200008b4       0x88 ./Core/Src/usart.o
                0x00000000200008b4                huart3
 .bss.uwTick    0x000000002000093c        0x4 ./Drivers/STM32F7xx_HAL_Driver/Src/stm32f7xx_hal.o
                0x000000002000093c                uwTick
 .bss.__compound_literal.27